Archive member included to satisfy reference by file (symbol)

/opt/st/stm32cubeide_1.10.1/plugins/com.st.stm32cube.ide.mcu.externaltools.gnu-tools-for-stm32.10.3-2021.10.linux64_1.0.0.202111181127/tools/bin/../lib/gcc/arm-none-eabi/10.3.1/../../../../arm-none-eabi/lib/thumb/v7e-m+fp/hard/libstdc++_nano.a(pure.o)
                              ./Core/Src/mainpp.o (__cxa_pure_virtual)
/opt/st/stm32cubeide_1.10.1/plugins/com.st.stm32cube.ide.mcu.externaltools.gnu-tools-for-stm32.10.3-2021.10.linux64_1.0.0.202111181127/tools/bin/../lib/gcc/arm-none-eabi/10.3.1/../../../../arm-none-eabi/lib/thumb/v7e-m+fp/hard/libstdc++_nano.a(eh_terminate.o)
                              /opt/st/stm32cubeide_1.10.1/plugins/com.st.stm32cube.ide.mcu.externaltools.gnu-tools-for-stm32.10.3-2021.10.linux64_1.0.0.202111181127/tools/bin/../lib/gcc/arm-none-eabi/10.3.1/../../../../arm-none-eabi/lib/thumb/v7e-m+fp/hard/libstdc++_nano.a(pure.o) (std::terminate())
/opt/st/stm32cubeide_1.10.1/plugins/com.st.stm32cube.ide.mcu.externaltools.gnu-tools-for-stm32.10.3-2021.10.linux64_1.0.0.202111181127/tools/bin/../lib/gcc/arm-none-eabi/10.3.1/../../../../arm-none-eabi/lib/thumb/v7e-m+fp/hard/libstdc++_nano.a(eh_unex_handler.o)
                              /opt/st/stm32cubeide_1.10.1/plugins/com.st.stm32cube.ide.mcu.externaltools.gnu-tools-for-stm32.10.3-2021.10.linux64_1.0.0.202111181127/tools/bin/../lib/gcc/arm-none-eabi/10.3.1/../../../../arm-none-eabi/lib/thumb/v7e-m+fp/hard/libstdc++_nano.a(eh_terminate.o) (__cxxabiv1::__unexpected_handler)
/opt/st/stm32cubeide_1.10.1/plugins/com.st.stm32cube.ide.mcu.externaltools.gnu-tools-for-stm32.10.3-2021.10.linux64_1.0.0.202111181127/tools/bin/../lib/gcc/arm-none-eabi/10.3.1/../../../../arm-none-eabi/lib/thumb/v7e-m+fp/hard/libstdc++_nano.a(eh_term_handler.o)
                              /opt/st/stm32cubeide_1.10.1/plugins/com.st.stm32cube.ide.mcu.externaltools.gnu-tools-for-stm32.10.3-2021.10.linux64_1.0.0.202111181127/tools/bin/../lib/gcc/arm-none-eabi/10.3.1/../../../../arm-none-eabi/lib/thumb/v7e-m+fp/hard/libstdc++_nano.a(eh_terminate.o) (__cxxabiv1::__terminate_handler)
/opt/st/stm32cubeide_1.10.1/plugins/com.st.stm32cube.ide.mcu.externaltools.gnu-tools-for-stm32.10.3-2021.10.linux64_1.0.0.202111181127/tools/bin/../lib/gcc/arm-none-eabi/10.3.1/../../../../arm-none-eabi/lib/thumb/v7e-m+fp/hard/libm.a(lib_a-s_cos.o)
                              ./Core/Src/stm32f4xx_it.o (cos)
/opt/st/stm32cubeide_1.10.1/plugins/com.st.stm32cube.ide.mcu.externaltools.gnu-tools-for-stm32.10.3-2021.10.linux64_1.0.0.202111181127/tools/bin/../lib/gcc/arm-none-eabi/10.3.1/../../../../arm-none-eabi/lib/thumb/v7e-m+fp/hard/libm.a(lib_a-s_sin.o)
                              ./Core/Src/stm32f4xx_it.o (sin)
/opt/st/stm32cubeide_1.10.1/plugins/com.st.stm32cube.ide.mcu.externaltools.gnu-tools-for-stm32.10.3-2021.10.linux64_1.0.0.202111181127/tools/bin/../lib/gcc/arm-none-eabi/10.3.1/../../../../arm-none-eabi/lib/thumb/v7e-m+fp/hard/libm.a(lib_a-sf_cos.o)
                              ./Core/Src/mainpp.o (cosf)
/opt/st/stm32cubeide_1.10.1/plugins/com.st.stm32cube.ide.mcu.externaltools.gnu-tools-for-stm32.10.3-2021.10.linux64_1.0.0.202111181127/tools/bin/../lib/gcc/arm-none-eabi/10.3.1/../../../../arm-none-eabi/lib/thumb/v7e-m+fp/hard/libm.a(lib_a-sf_sin.o)
                              ./Core/Src/mainpp.o (sinf)
/opt/st/stm32cubeide_1.10.1/plugins/com.st.stm32cube.ide.mcu.externaltools.gnu-tools-for-stm32.10.3-2021.10.linux64_1.0.0.202111181127/tools/bin/../lib/gcc/arm-none-eabi/10.3.1/../../../../arm-none-eabi/lib/thumb/v7e-m+fp/hard/libm.a(lib_a-e_rem_pio2.o)
                              /opt/st/stm32cubeide_1.10.1/plugins/com.st.stm32cube.ide.mcu.externaltools.gnu-tools-for-stm32.10.3-2021.10.linux64_1.0.0.202111181127/tools/bin/../lib/gcc/arm-none-eabi/10.3.1/../../../../arm-none-eabi/lib/thumb/v7e-m+fp/hard/libm.a(lib_a-s_cos.o) (__ieee754_rem_pio2)
/opt/st/stm32cubeide_1.10.1/plugins/com.st.stm32cube.ide.mcu.externaltools.gnu-tools-for-stm32.10.3-2021.10.linux64_1.0.0.202111181127/tools/bin/../lib/gcc/arm-none-eabi/10.3.1/../../../../arm-none-eabi/lib/thumb/v7e-m+fp/hard/libm.a(lib_a-ef_rem_pio2.o)
                              /opt/st/stm32cubeide_1.10.1/plugins/com.st.stm32cube.ide.mcu.externaltools.gnu-tools-for-stm32.10.3-2021.10.linux64_1.0.0.202111181127/tools/bin/../lib/gcc/arm-none-eabi/10.3.1/../../../../arm-none-eabi/lib/thumb/v7e-m+fp/hard/libm.a(lib_a-sf_cos.o) (__ieee754_rem_pio2f)
/opt/st/stm32cubeide_1.10.1/plugins/com.st.stm32cube.ide.mcu.externaltools.gnu-tools-for-stm32.10.3-2021.10.linux64_1.0.0.202111181127/tools/bin/../lib/gcc/arm-none-eabi/10.3.1/../../../../arm-none-eabi/lib/thumb/v7e-m+fp/hard/libm.a(lib_a-k_cos.o)
[...]
Memory Configuration

Name             Origin             Length             Attributes
CCMRAM           0x0000000010000000 0x0000000000010000 xrw
RAM              0x0000000020000000 0x0000000000020000 xrw
FLASH            0x0000000008000000 0x0000000000100000 xr
*default*        0x0000000000000000 0xffffffffffffffff

Linker script and memory map

LOAD /opt/st/stm32cubeide_1.10.1/plugins/com.st.stm32cube.ide.mcu.externaltools.gnu-tools-for-stm32.10.3-2021.10.linux64_1.0.0.202111181127/tools/bin/../lib/gcc/arm-none-eabi/10.3.1/thumb/v7e-m+fp/hard/crti.o
LOAD /opt/st/stm32cubeide_1.10.1/plugins/com.st.stm32cube.ide.mcu.externaltools.gnu-tools-for-stm32.10.3-2021.10.linux64_1.0.0.202111181127/tools/bin/../lib/gcc/arm-none-eabi/10.3.1/thumb/v7e-m+fp/hard/crtbegin.o
LOAD /opt/st/stm32cubeide_1.10.1/plugins/com.st.stm32cube.ide.mcu.externaltools.gnu-tools-for-stm32.10.3-2021.10.linux64_1.0.0.202111181127/tools/bin/../lib/gcc/arm-none-eabi/10.3.1/../../../../arm-none-eabi/lib/thumb/v7e-m+fp/hard/crt0.o
LOAD ./Core/Inc/duration.o
LOAD ./Core/Inc/time.o
LOAD ./Core/Src/main.o
LOAD ./Core/Src/mainpp.o
LOAD ./Core/Src/stm32f4xx_hal_msp.o
LOAD ./Core/Src/stm32f4xx_it.o
LOAD ./Core/Src/syscalls.o
LOAD ./Core/Src/sysmem.o
LOAD ./Core/Src/system_stm32f4xx.o
LOAD ./Core/Startup/startup_stm32f407vgtx.o
LOAD ./Drivers/STM32F4xx_HAL_Driver/Src/stm32f4xx_hal.o
LOAD ./Drivers/STM32F4xx_HAL_Driver/Src/stm32f4xx_hal_cortex.o
LOAD ./Drivers/STM32F4xx_HAL_Driver/Src/stm32f4xx_hal_dma.o
LOAD ./Drivers/STM32F4xx_HAL_Driver/Src/stm32f4xx_hal_dma_ex.o
LOAD ./Drivers/STM32F4xx_HAL_Driver/Src/stm32f4xx_hal_exti.o
LOAD ./Drivers/STM32F4xx_HAL_Driver/Src/stm32f4xx_hal_flash.o
LOAD ./Drivers/STM32F4xx_HAL_Driver/Src/stm32f4xx_hal_flash_ex.o
LOAD ./Drivers/STM32F4xx_HAL_Driver/Src/stm32f4xx_hal_flash_ramfunc.o
LOAD ./Drivers/STM32F4xx_HAL_Driver/Src/stm32f4xx_hal_gpio.o
LOAD ./Drivers/STM32F4xx_HAL_Driver/Src/stm32f4xx_hal_pwr.o
LOAD ./Drivers/STM32F4xx_HAL_Driver/Src/stm32f4xx_hal_pwr_ex.o
LOAD ./Drivers/STM32F4xx_HAL_Driver/Src/stm32f4xx_hal_rcc.o
LOAD ./Drivers/STM32F4xx_HAL_Driver/Src/stm32f4xx_hal_rcc_ex.o
LOAD ./Drivers/STM32F4xx_HAL_Driver/Src/stm32f4xx_hal_tim.o
LOAD ./Drivers/STM32F4xx_HAL_Driver/Src/stm32f4xx_hal_tim_ex.o
LOAD ./Drivers/STM32F4xx_HAL_Driver/Src/stm32f4xx_hal_uart.o
START GROUP
LOAD /opt/st/stm32cubeide_1.10.1/plugins/com.st.stm32cube.ide.mcu.externaltools.gnu-tools-for-stm32.10.3-2021.10.linux64_1.0.0.202111181127/tools/bin/../lib/gcc/arm-none-eabi/10.3.1/../../../../arm-none-eabi/lib/thumb/v7e-m+fp/hard/libstdc++_nano.a
LOAD /opt/st/stm32cubeide_1.10.1/plugins/com.st.stm32cube.ide.mcu.externaltools.gnu-tools-for-stm32.10.3-2021.10.linux64_1.0.0.202111181127/tools/bin/../lib/gcc/arm-none-eabi/10.3.1/../../../../arm-none-eabi/lib/thumb/v7e-m+fp/hard/libsupc++_nano.a
END GROUP
LOAD /opt/st/stm32cubeide_1.10.1/plugins/com.st.stm32cube.ide.mcu.externaltools.gnu-tools-for-stm32.10.3-2021.10.linux64_1.0.0.202111181127/tools/bin/../lib/gcc/arm-none-eabi/10.3.1/../../../../arm-none-eabi/lib/thumb/v7e-m+fp/hard/libstdc++_nano.a
LOAD /opt/st/stm32cubeide_1.10.1/plugins/com.st.stm32cube.ide.mcu.externaltools.gnu-tools-for-stm32.10.3-2021.10.linux64_1.0.0.202111181127/tools/bin/../lib/gcc/arm-none-eabi/10.3.1/../../../../arm-none-eabi/lib/thumb/v7e-m+fp/hard/libm.a
LOAD /opt/st/stm32cubeide_1.10.1/plugins/com.st.stm32cube.ide.mcu.externaltools.gnu-tools-for-stm32.10.3-2021.10.linux64_1.0.0.202111181127/tools/bin/../lib/gcc/arm-none-eabi/10.3.1/../../../../arm-none-eabi/lib/thumb/v7e-m+fp/hard/libc_nano.a
START GROUP
LOAD /opt/st/stm32cubeide_1.10.1/plugins/com.st.stm32cube.ide.mcu.externaltools.gnu-tools-for-stm32.10.3-2021.10.linux64_1.0.0.202111181127/tools/bin/../lib/gcc/arm-none-eabi/10.3.1/thumb/v7e-m+fp/hard/libgcc.a
LOAD /opt/st/stm32cubeide_1.10.1/plugins/com.st.stm32cube.ide.mcu.externaltools.gnu-tools-for-stm32.10.3-2021.10.linux64_1.0.0.202111181127/tools/bin/../lib/gcc/arm-none-eabi/10.3.1/../../../../arm-none-eabi/lib/thumb/v7e-m+fp/hard/libc_nano.a
END GROUP
START GROUP
LOAD /opt/st/stm32cubeide_1.10.1/plugins/com.st.stm32cube.ide.mcu.externaltools.gnu-tools-for-stm32.10.3-2021.10.linux64_1.0.0.202111181127/tools/bin/../lib/gcc/arm-none-eabi/10.3.1/thumb/v7e-m+fp/hard/libgcc.a
LOAD /opt/st/stm32cubeide_1.10.1/plugins/com.st.stm32cube.ide.mcu.externaltools.gnu-tools-for-stm32.10.3-2021.10.linux64_1.0.0.202111181127/tools/bin/../lib/gcc/arm-none-eabi/10.3.1/../../../../arm-none-eabi/lib/thumb/v7e-m+fp/hard/libc_nano.a
LOAD /opt/st/stm32cubeide_1.10.1/plugins/com.st.stm32cube.ide.mcu.externaltools.gnu-tools-for-stm32.10.3-2021.10.linux64_1.0.0.202111181127/tools/bin/../lib/gcc/arm-none-eabi/10.3.1/../../../../arm-none-eabi/lib/thumb/v7e-m+fp/hard/libnosys.a
END GROUP
START GROUP
LOAD /opt/st/stm32cubeide_1.10.1/plugins/com.st.stm32cube.ide.mcu.externaltools.gnu-tools-for-stm32.10.3-2021.10.linux64_1.0.0.202111181127/tools/bin/../lib/gcc/arm-none-eabi/10.3.1/thumb/v7e-m+fp/hard/libgcc.a
LOAD /opt/st/stm32cubeide_1.10.1/plugins/com.st.stm32cube.ide.mcu.externaltools.gnu-tools-for-stm32.10.3-2021.10.linux64_1.0.0.202111181127/tools/bin/../lib/gcc/arm-none-eabi/10.3.1/../../../../arm-none-eabi/lib/thumb/v7e-m+fp/hard/libc_nano.a
LOAD /opt/st/stm32cubeide_1.10.1/plugins/com.st.stm32cube.ide.mcu.externaltools.gnu-tools-for-stm32.10.3-2021.10.linux64_1.0.0.202111181127/tools/bin/../lib/gcc/arm-none-eabi/10.3.1/../../../../arm-none-eabi/lib/thumb/v7e-m+fp/hard/libnosys.a
END GROUP
LOAD /opt/st/stm32cubeide_1.10.1/plugins/com.st.stm32cube.ide.mcu.externaltools.gnu-tools-for-stm32.10.3-2021.10.linux64_1.0.0.202111181127/tools/bin/../lib/gcc/arm-none-eabi/10.3.1/thumb/v7e-m+fp/hard/crtend.o
LOAD /opt/st/stm32cubeide_1.10.1/plugins/com.st.stm32cube.ide.mcu.externaltools.gnu-tools-for-stm32.10.3-2021.10.linux64_1.0.0.202111181127/tools/bin/../lib/gcc/arm-none-eabi/10.3.1/thumb/v7e-m+fp/hard/crtn.o
                0x0000000020020000                _estack = (ORIGIN (RAM) + LENGTH (RAM))
                0x0000000000000200                _Min_Heap_Size = 0x200
                0x0000000000000400                _Min_Stack_Size = 0x400

.isr_vector     0x0000000008000000      0x188
                0x0000000008000000                . = ALIGN (0x4)
 *(.isr_vector)
 .isr_vector    0x0000000008000000      0x188 ./Core/Startup/startup_stm32f407vgtx.o
                0x0000000008000000                g_pfnVectors
                0x0000000008000188                . = ALIGN (0x4)

.text           0x0000000008000188     0xbc10
                0x0000000008000188                . = ALIGN (0x4)
 *(.text)
 .text          0x0000000008000188       0x40 /opt/st/stm32cubeide_1.10.1/plugins/com.st.stm32cube.ide.mcu.externaltools.gnu-tools-for-stm32.10.3-2021.10.linux64_1.0.0.202111181127/tools/bin/../lib/gcc/arm-none-eabi/10.3.1/thumb/v7e-m+fp/hard/crtbegin.o
 .text          0x00000000080001c8       0x10 /opt/st/stm32cubeide_1.10.1/plugins/com.st.stm32cube.ide.mcu.externaltools.gnu-tools-for-stm32.10.3-2021.10.linux64_1.0.0.202111181127/tools/bin/../lib/gcc/arm-none-eabi/10.3.1/../../../../arm-none-eabi/lib/thumb/v7e-m+fp/hard/libc_nano.a(lib_a-strlen.o)
                0x00000000080001c8                strlen
 .text          0x00000000080001d8      0x378 /opt/st/stm32cubeide_1.10.1/plugins/com.st.stm32cube.ide.mcu.externaltools.gnu-tools-for-stm32.10.3-2021.10.linux64_1.0.0.202111181127/tools/bin/../lib/gcc/arm-none-eabi/10.3.1/thumb/v7e-m+fp/hard/libgcc.a(_arm_addsubdf3.o)
                0x00000000080001d8                __aeabi_drsub
                0x00000000080001e0                __aeabi_dsub
                0x00000000080001e0                __subdf3
                0x00000000080001e4                __adddf3
                0x00000000080001e4                __aeabi_dadd
                0x000000000800045c                __aeabi_ui2d
                0x000000000800045c                __floatunsidf
                0x000000000800047c                __floatsidf
                0x000000000800047c                __aeabi_i2d
                0x00000000080004a0                __extendsfdf2
                0x00000000080004a0                __aeabi_f2d
                0x00000000080004e4                __aeabi_ul2d
                0x00000000080004e4                __floatundidf
                0x00000000080004f4                __floatdidf
                0x00000000080004f4                __aeabi_l2d
 .text          0x0000000008000550      0x424 /opt/st/stm32cubeide_1.10.1/plugins/com.st.stm32cube.ide.mcu.externaltools.gnu-tools-for-stm32.10.3-2021.10.linux64_1.0.0.202111181127/tools/bin/../lib/gcc/arm-none-eabi/10.3.1/thumb/v7e-m+fp/hard/libgcc.a(_arm_muldivdf3.o)
                0x0000000008000550                __aeabi_dmul
                0x0000000008000550                __muldf3
                0x00000000080007a4                __aeabi_ddiv
                0x00000000080007a4                __divdf3
 .text          0x0000000008000974      0x110 /opt/st/stm32cubeide_1.10.1/plugins/com.st.stm32cube.ide.mcu.externaltools.gnu-tools-for-stm32.10.3-2021.10.linux64_1.0.0.202111181127/tools/bin/../lib/gcc/arm-none-eabi/10.3.1/thumb/v7e-m+fp/hard/libgcc.a(_arm_cmpdf2.o)
                0x0000000008000974                __gtdf2
                0x0000000008000974                __gedf2
                0x000000000800097c                __ltdf2
                0x000000000800097c                __ledf2
                0x0000000008000984                __cmpdf2
                0x0000000008000984                __eqdf2
                0x0000000008000984                __nedf2
                0x0000000008000a00                __aeabi_cdrcmple
                0x0000000008000a10                __aeabi_cdcmple
                0x0000000008000a10                __aeabi_cdcmpeq
                0x0000000008000a20                __aeabi_dcmpeq
                0x0000000008000a34                __aeabi_dcmplt
                0x0000000008000a48                __aeabi_dcmple
                0x0000000008000a5c                __aeabi_dcmpge
                0x0000000008000a70                __aeabi_dcmpgt
 .text          0x0000000008000a84       0x50 /opt/st/stm32cubeide_1.10.1/plugins/com.st.stm32cube.ide.mcu.externaltools.gnu-tools-for-stm32.10.3-2021.10.linux64_1.0.0.202111181127/tools/bin/../lib/gcc/arm-none-eabi/10.3.1/thumb/v7e-m+fp/hard/libgcc.a(_arm_fixdfsi.o)
                0x0000000008000a84                __fixdfsi
                0x0000000008000a84                __aeabi_d2iz
 .text          0x0000000008000ad4       0xa0 /opt/st/stm32cubeide_1.10.1/plugins/com.st.stm32cube.ide.mcu.externaltools.gnu-tools-for-stm32.10.3-2021.10.linux64_1.0.0.202111181127/tools/bin/../lib/gcc/arm-none-eabi/10.3.1/thumb/v7e-m+fp/hard/libgcc.a(_arm_truncdfsf2.o)
                0x0000000008000ad4                __aeabi_d2f
                0x0000000008000ad4                __truncdfsf2
 .text          0x0000000008000b74       0x30 /opt/st/stm32cubeide_1.10.1/plugins/com.st.stm32cube.ide.mcu.externaltools.gnu-tools-for-stm32.10.3-2021.10.linux64_1.0.0.202111181127/tools/bin/../lib/gcc/arm-none-eabi/10.3.1/thumb/v7e-m+fp/hard/libgcc.a(_aeabi_uldivmod.o)
                0x0000000008000b74                __aeabi_uldivmod
 .text          0x0000000008000ba4      0x2d0 /opt/st/stm32cubeide_1.10.1/plugins/com.st.stm32cube.ide.mcu.externaltools.gnu-tools-for-stm32.10.3-2021.10.linux64_1.0.0.202111181127/tools/bin/../lib/gcc/arm-none-eabi/10.3.1/thumb/v7e-m+fp/hard/libgcc.a(_udivmoddi4.o)
                0x0000000008000ba4                __udivmoddi4
 .text          0x0000000008000e74        0x4 /opt/st/stm32cubeide_1.10.1/plugins/com.st.stm32cube.ide.mcu.externaltools.gnu-tools-for-stm32.10.3-2021.10.linux64_1.0.0.202111181127/tools/bin/../lib/gcc/arm-none-eabi/10.3.1/thumb/v7e-m+fp/hard/libgcc.a(_dvmd_tls.o)
                0x0000000008000e74                __aeabi_ldiv0
                0x0000000008000e74                __aeabi_idiv0
 *(.text*)
 .text._ZN3ros16normalizeSecNSecERmS0_
                0x0000000008000e78       0x58 ./Core/Inc/time.o
                0x0000000008000e78                ros::normalizeSecNSec(unsigned long&, unsigned long&)
 .text.HAL_TIM_IC_CaptureCallback
                0x0000000008000ed0       0x7c ./Core/Src/main.o
                0x0000000008000ed0                HAL_TIM_IC_CaptureCallback
 .text.main     0x0000000008000f4c       0x44 ./Core/Src/main.o
                0x0000000008000f4c                main
 .text.SystemClock_Config
                0x0000000008000f90       0xbc ./Core/Src/main.o
                0x0000000008000f90                SystemClock_Config
 .text.MX_TIM2_Init
                0x000000000800104c       0xa8 ./Core/Src/main.o
 .text.MX_TIM5_Init
                0x00000000080010f4       0xa8 ./Core/Src/main.o
 .text.MX_UART4_Init
                0x000000000800119c       0x54 ./Core/Src/main.o
 .text.MX_DMA_Init
                0x00000000080011f0       0x50 ./Core/Src/main.o
 .text.MX_GPIO_Init
                0x0000000008001240       0x6c ./Core/Src/main.o
 .text.Error_Handler
                0x00000000080012ac        0xa ./Core/Src/main.o
                0x00000000080012ac                Error_Handler
 .text._ZSt3cosf
                0x00000000080012b6       0x20 ./Core/Src/mainpp.o
                0x00000000080012b6                std::cos(float)
 .text._ZSt3sinf
                0x00000000080012d6       0x20 ./Core/Src/mainpp.o
                0x00000000080012d6                std::sin(float)
 .text._ZN3ros4TimeC2Ev
                0x00000000080012f6       0x22 ./Core/Src/mainpp.o
                0x00000000080012f6                ros::Time::Time()
                0x00000000080012f6                ros::Time::Time()
 .text._ZN3ros3MsgC2Ev
                0x0000000008001318       0x20 ./Core/Src/mainpp.o
                0x0000000008001318                ros::Msg::Msg()
                0x0000000008001318                ros::Msg::Msg()
 .text._ZN8std_msgs4TimeC2Ev
                0x0000000008001338       0x30 ./Core/Src/mainpp.o
                0x0000000008001338                std_msgs::Time::Time()
                0x0000000008001338                std_msgs::Time::Time()
 .text._ZNK8std_msgs4Time9serializeEPh
                0x0000000008001368       0xb0 ./Core/Src/mainpp.o
                0x0000000008001368                std_msgs::Time::serialize(unsigned char*) const
 .text._ZN8std_msgs4Time11deserializeEPh
                0x0000000008001418       0xc8 ./Core/Src/mainpp.o
                0x0000000008001418                std_msgs::Time::deserialize(unsigned char*)
 .text._ZN8std_msgs4Time7getTypeEv
                0x00000000080014e0       0x1c ./Core/Src/mainpp.o
                0x00000000080014e0                std_msgs::Time::getType()
 .text._ZN8std_msgs4Time6getMD5Ev
                0x00000000080014fc       0x1c ./Core/Src/mainpp.o
                0x00000000080014fc                std_msgs::Time::getMD5()
 .text._ZN14rosserial_msgs9TopicInfoC2Ev
                0x0000000008001518       0x48 ./Core/Src/mainpp.o
                0x0000000008001518                rosserial_msgs::TopicInfo::TopicInfo()
                0x0000000008001518                rosserial_msgs::TopicInfo::TopicInfo()
 .text._ZNK14rosserial_msgs9TopicInfo9serializeEPh
                0x0000000008001560      0x136 ./Core/Src/mainpp.o
                0x0000000008001560                rosserial_msgs::TopicInfo::serialize(unsigned char*) const
 .text._ZN14rosserial_msgs9TopicInfo11deserializeEPh
                0x0000000008001696      0x1d0 ./Core/Src/mainpp.o
                0x0000000008001696                rosserial_msgs::TopicInfo::deserialize(unsigned char*)
 *fill*         0x0000000008001866        0x2 
 .text._ZN14rosserial_msgs9TopicInfo7getTypeEv
                0x0000000008001868       0x1c ./Core/Src/mainpp.o
                0x0000000008001868                rosserial_msgs::TopicInfo::getType()
 .text._ZN14rosserial_msgs9TopicInfo6getMD5Ev
                0x0000000008001884       0x1c ./Core/Src/mainpp.o
                0x0000000008001884                rosserial_msgs::TopicInfo::getMD5()
 .text._ZN14rosserial_msgs3LogC2Ev
                0x00000000080018a0       0x34 ./Core/Src/mainpp.o
                0x00000000080018a0                rosserial_msgs::Log::Log()
                0x00000000080018a0                rosserial_msgs::Log::Log()
 .text._ZNK14rosserial_msgs3Log9serializeEPh
                0x00000000080018d4       0x64 ./Core/Src/mainpp.o
                0x00000000080018d4                rosserial_msgs::Log::serialize(unsigned char*) const
 .text._ZN14rosserial_msgs3Log11deserializeEPh
                0x0000000008001938       0x90 ./Core/Src/mainpp.o
                0x0000000008001938                rosserial_msgs::Log::deserialize(unsigned char*)
 .text._ZN14rosserial_msgs3Log7getTypeEv
                0x00000000080019c8       0x1c ./Core/Src/mainpp.o
                0x00000000080019c8                rosserial_msgs::Log::getType()
 .text._ZN14rosserial_msgs3Log6getMD5Ev
                0x00000000080019e4       0x1c ./Core/Src/mainpp.o
                0x00000000080019e4                rosserial_msgs::Log::getMD5()
 .text._ZN14rosserial_msgs20RequestParamResponseC2Ev
                0x0000000008001a00       0x5c ./Core/Src/mainpp.o
                0x0000000008001a00                rosserial_msgs::RequestParamResponse::RequestParamResponse()
                0x0000000008001a00                rosserial_msgs::RequestParamResponse::RequestParamResponse()
 .text._ZNK14rosserial_msgs20RequestParamResponse9serializeEPh
                0x0000000008001a5c      0x222 ./Core/Src/mainpp.o
                0x0000000008001a5c                rosserial_msgs::RequestParamResponse::serialize(unsigned char*) const
 .text._ZN14rosserial_msgs20RequestParamResponse11deserializeEPh
                0x0000000008001c7e      0x2e2 ./Core/Src/mainpp.o
                0x0000000008001c7e                rosserial_msgs::RequestParamResponse::deserialize(unsigned char*)
 .text._ZN14rosserial_msgs20RequestParamResponse7getTypeEv
                0x0000000008001f60       0x1c ./Core/Src/mainpp.o
                0x0000000008001f60                rosserial_msgs::RequestParamResponse::getType()
 .text._ZN14rosserial_msgs20RequestParamResponse6getMD5Ev
                0x0000000008001f7c       0x1c ./Core/Src/mainpp.o
                0x0000000008001f7c                rosserial_msgs::RequestParamResponse::getMD5()
 .text._ZN3ros9PublisherC2EPKcPNS_3MsgEi
                0x0000000008001f98       0x2e ./Core/Src/mainpp.o
                0x0000000008001f98                ros::Publisher::Publisher(char const*, ros::Msg*, int)
                0x0000000008001f98                ros::Publisher::Publisher(char const*, ros::Msg*, int)
 .text._ZN3ros9Publisher7publishEPKNS_3MsgE
                0x0000000008001fc6       0x28 ./Core/Src/mainpp.o
                0x0000000008001fc6                ros::Publisher::publish(ros::Msg const*)
 .text._ZN3ros9Publisher15getEndpointTypeEv
                0x0000000008001fee       0x18 ./Core/Src/mainpp.o
                0x0000000008001fee                ros::Publisher::getEndpointType()
 .text._ZN13STM32Hardware10getRdmaIndEv
                0x0000000008002006       0x26 ./Core/Src/mainpp.o
                0x0000000008002006                STM32Hardware::getRdmaInd()
 .text._ZN13STM32HardwareC2Ev
                0x000000000800202c       0x38 ./Core/Src/mainpp.o
                0x000000000800202c                STM32Hardware::STM32Hardware()
                0x000000000800202c                STM32Hardware::STM32Hardware()
 .text._ZN13STM32Hardware4initEv
                0x0000000008002064       0x16 ./Core/Src/mainpp.o
                0x0000000008002064                STM32Hardware::init()
 .text._ZN13STM32Hardware10reset_rbufEv
                0x000000000800207a       0x22 ./Core/Src/mainpp.o
                0x000000000800207a                STM32Hardware::reset_rbuf()
 .text._ZN13STM32Hardware4readEv
                0x000000000800209c       0x5a ./Core/Src/mainpp.o
                0x000000000800209c                STM32Hardware::read()
 *fill*         0x00000000080020f6        0x2 
 .text._ZN13STM32Hardware5flushEv
                0x00000000080020f8       0xbc ./Core/Src/mainpp.o
                0x00000000080020f8                STM32Hardware::flush()
 .text._ZN13STM32Hardware5writeEPhi
                0x00000000080021b4       0x8c ./Core/Src/mainpp.o
                0x00000000080021b4                STM32Hardware::write(unsigned char*, int)
 .text._ZN13STM32Hardware4timeEv
                0x0000000008002240       0x16 ./Core/Src/mainpp.o
                0x0000000008002240                STM32Hardware::time()
 *fill*         0x0000000008002256        0x2 
 .text._ZN8std_msgs5Int32C2Ev
                0x0000000008002258       0x2c ./Core/Src/mainpp.o
                0x0000000008002258                std_msgs::Int32::Int32()
                0x0000000008002258                std_msgs::Int32::Int32()
 .text._ZNK8std_msgs5Int329serializeEPh
                0x0000000008002284       0x64 ./Core/Src/mainpp.o
                0x0000000008002284                std_msgs::Int32::serialize(unsigned char*) const
 .text._ZN8std_msgs5Int3211deserializeEPh
                0x00000000080022e8       0x70 ./Core/Src/mainpp.o
                0x00000000080022e8                std_msgs::Int32::deserialize(unsigned char*)
 .text._ZN8std_msgs5Int327getTypeEv
                0x0000000008002358       0x1c ./Core/Src/mainpp.o
                0x0000000008002358                std_msgs::Int32::getType()
 .text._ZN8std_msgs5Int326getMD5Ev
                0x0000000008002374       0x1c ./Core/Src/mainpp.o
                0x0000000008002374                std_msgs::Int32::getMD5()
 .text._ZN8std_msgs6HeaderC2Ev
                0x0000000008002390       0x40 ./Core/Src/mainpp.o
                0x0000000008002390                std_msgs::Header::Header()
                0x0000000008002390                std_msgs::Header::Header()
 .text._ZNK8std_msgs6Header9serializeEPh
                0x00000000080023d0      0x130 ./Core/Src/mainpp.o
                0x00000000080023d0                std_msgs::Header::serialize(unsigned char*) const
 .text._ZN8std_msgs6Header11deserializeEPh
                0x0000000008002500      0x180 ./Core/Src/mainpp.o
                0x0000000008002500                std_msgs::Header::deserialize(unsigned char*)
 .text._ZN8std_msgs6Header7getTypeEv
                0x0000000008002680       0x1c ./Core/Src/mainpp.o
                0x0000000008002680                std_msgs::Header::getType()
 .text._ZN8std_msgs6Header6getMD5Ev
                0x000000000800269c       0x1c ./Core/Src/mainpp.o
                0x000000000800269c                std_msgs::Header::getMD5()
 .text._ZN13geometry_msgs5PointC2Ev
                0x00000000080026b8       0x50 ./Core/Src/mainpp.o
                0x00000000080026b8                geometry_msgs::Point::Point()
                0x00000000080026b8                geometry_msgs::Point::Point()
 .text._ZNK13geometry_msgs5Point9serializeEPh
                0x0000000008002708      0x2e6 ./Core/Src/mainpp.o
                0x0000000008002708                geometry_msgs::Point::serialize(unsigned char*) const
 .text._ZN13geometry_msgs5Point11deserializeEPh
                0x00000000080029ee      0x6be ./Core/Src/mainpp.o
                0x00000000080029ee                geometry_msgs::Point::deserialize(unsigned char*)
 .text._ZN13geometry_msgs5Point7getTypeEv
                0x00000000080030ac       0x1c ./Core/Src/mainpp.o
                0x00000000080030ac                geometry_msgs::Point::getType()
 .text._ZN13geometry_msgs5Point6getMD5Ev
                0x00000000080030c8       0x1c ./Core/Src/mainpp.o
                0x00000000080030c8                geometry_msgs::Point::getMD5()
 .text._ZN13geometry_msgs10QuaternionC2Ev
                0x00000000080030e4       0x5c ./Core/Src/mainpp.o
                0x00000000080030e4                geometry_msgs::Quaternion::Quaternion()
                0x00000000080030e4                geometry_msgs::Quaternion::Quaternion()
 .text._ZNK13geometry_msgs10Quaternion9serializeEPh
                0x0000000008003140      0x3d4 ./Core/Src/mainpp.o
                0x0000000008003140                geometry_msgs::Quaternion::serialize(unsigned char*) const
 .text._ZN13geometry_msgs10Quaternion11deserializeEPh
                0x0000000008003514      0x914 ./Core/Src/mainpp.o
                0x0000000008003514                geometry_msgs::Quaternion::deserialize(unsigned char*)
 .text._ZN13geometry_msgs10Quaternion7getTypeEv
                0x0000000008003e28       0x1c ./Core/Src/mainpp.o
                0x0000000008003e28                geometry_msgs::Quaternion::getType()
 .text._ZN13geometry_msgs10Quaternion6getMD5Ev
                0x0000000008003e44       0x1c ./Core/Src/mainpp.o
                0x0000000008003e44                geometry_msgs::Quaternion::getMD5()
 .text._ZN13geometry_msgs4PoseC2Ev
                0x0000000008003e60       0x38 ./Core/Src/mainpp.o
                0x0000000008003e60                geometry_msgs::Pose::Pose()
                0x0000000008003e60                geometry_msgs::Pose::Pose()
 .text._ZNK13geometry_msgs4Pose9serializeEPh
                0x0000000008003e98       0x4c ./Core/Src/mainpp.o
                0x0000000008003e98                geometry_msgs::Pose::serialize(unsigned char*) const
 .text._ZN13geometry_msgs4Pose11deserializeEPh
                0x0000000008003ee4       0x4c ./Core/Src/mainpp.o
                0x0000000008003ee4                geometry_msgs::Pose::deserialize(unsigned char*)
 .text._ZN13geometry_msgs4Pose7getTypeEv
                0x0000000008003f30       0x1c ./Core/Src/mainpp.o
                0x0000000008003f30                geometry_msgs::Pose::getType()
 .text._ZN13geometry_msgs4Pose6getMD5Ev
                0x0000000008003f4c       0x1c ./Core/Src/mainpp.o
                0x0000000008003f4c                geometry_msgs::Pose::getMD5()
 .text._ZN13geometry_msgs18PoseWithCovarianceC2Ev
                0x0000000008003f68       0x4c ./Core/Src/mainpp.o
                0x0000000008003f68                geometry_msgs::PoseWithCovariance::PoseWithCovariance()
                0x0000000008003f68                geometry_msgs::PoseWithCovariance::PoseWithCovariance()
 .text._ZNK13geometry_msgs18PoseWithCovariance9serializeEPh
                0x0000000008003fb4      0x13a ./Core/Src/mainpp.o
                0x0000000008003fb4                geometry_msgs::PoseWithCovariance::serialize(unsigned char*) const
 .text._ZN13geometry_msgs18PoseWithCovariance11deserializeEPh
                0x00000000080040ee      0x240 ./Core/Src/mainpp.o
                0x00000000080040ee                geometry_msgs::PoseWithCovariance::deserialize(unsigned char*)
 *fill*         0x000000000800432e        0x2 
 .text._ZN13geometry_msgs18PoseWithCovariance7getTypeEv
                0x0000000008004330       0x1c ./Core/Src/mainpp.o
                0x0000000008004330                geometry_msgs::PoseWithCovariance::getType()
 .text._ZN13geometry_msgs18PoseWithCovariance6getMD5Ev
                0x000000000800434c       0x1c ./Core/Src/mainpp.o
                0x000000000800434c                geometry_msgs::PoseWithCovariance::getMD5()
 .text._ZN13geometry_msgs7Vector3C2Ev
                0x0000000008004368       0x50 ./Core/Src/mainpp.o
                0x0000000008004368                geometry_msgs::Vector3::Vector3()
                0x0000000008004368                geometry_msgs::Vector3::Vector3()
 .text._ZNK13geometry_msgs7Vector39serializeEPh
                0x00000000080043b8      0x2e6 ./Core/Src/mainpp.o
                0x00000000080043b8                geometry_msgs::Vector3::serialize(unsigned char*) const
 .text._ZN13geometry_msgs7Vector311deserializeEPh
                0x000000000800469e      0x6be ./Core/Src/mainpp.o
                0x000000000800469e                geometry_msgs::Vector3::deserialize(unsigned char*)
 .text._ZN13geometry_msgs7Vector37getTypeEv
                0x0000000008004d5c       0x1c ./Core/Src/mainpp.o
                0x0000000008004d5c                geometry_msgs::Vector3::getType()
 .text._ZN13geometry_msgs7Vector36getMD5Ev
                0x0000000008004d78       0x1c ./Core/Src/mainpp.o
                0x0000000008004d78                geometry_msgs::Vector3::getMD5()
 .text._ZN13geometry_msgs5TwistC2Ev
                0x0000000008004d94       0x38 ./Core/Src/mainpp.o
                0x0000000008004d94                geometry_msgs::Twist::Twist()
                0x0000000008004d94                geometry_msgs::Twist::Twist()
 .text._ZNK13geometry_msgs5Twist9serializeEPh
                0x0000000008004dcc       0x4c ./Core/Src/mainpp.o
                0x0000000008004dcc                geometry_msgs::Twist::serialize(unsigned char*) const
 .text._ZN13geometry_msgs5Twist11deserializeEPh
                0x0000000008004e18       0x4c ./Core/Src/mainpp.o
                0x0000000008004e18                geometry_msgs::Twist::deserialize(unsigned char*)
 .text._ZN13geometry_msgs5Twist7getTypeEv
                0x0000000008004e64       0x1c ./Core/Src/mainpp.o
                0x0000000008004e64                geometry_msgs::Twist::getType()
 .text._ZN13geometry_msgs5Twist6getMD5Ev
                0x0000000008004e80       0x1c ./Core/Src/mainpp.o
                0x0000000008004e80                geometry_msgs::Twist::getMD5()
 .text._ZN13geometry_msgs19TwistWithCovarianceC2Ev
                0x0000000008004e9c       0x4c ./Core/Src/mainpp.o
                0x0000000008004e9c                geometry_msgs::TwistWithCovariance::TwistWithCovariance()
                0x0000000008004e9c                geometry_msgs::TwistWithCovariance::TwistWithCovariance()
 .text._ZNK13geometry_msgs19TwistWithCovariance9serializeEPh
                0x0000000008004ee8      0x13a ./Core/Src/mainpp.o
                0x0000000008004ee8                geometry_msgs::TwistWithCovariance::serialize(unsigned char*) const
 .text._ZN13geometry_msgs19TwistWithCovariance11deserializeEPh
                0x0000000008005022      0x240 ./Core/Src/mainpp.o
                0x0000000008005022                geometry_msgs::TwistWithCovariance::deserialize(unsigned char*)
 *fill*         0x0000000008005262        0x2 
 .text._ZN13geometry_msgs19TwistWithCovariance7getTypeEv
                0x0000000008005264       0x1c ./Core/Src/mainpp.o
                0x0000000008005264                geometry_msgs::TwistWithCovariance::getType()
 .text._ZN13geometry_msgs19TwistWithCovariance6getMD5Ev
                0x0000000008005280       0x1c ./Core/Src/mainpp.o
                0x0000000008005280                geometry_msgs::TwistWithCovariance::getMD5()
 .text._ZN8nav_msgs8OdometryC2Ev
                0x000000000800529c       0x50 ./Core/Src/mainpp.o
                0x000000000800529c                nav_msgs::Odometry::Odometry()
                0x000000000800529c                nav_msgs::Odometry::Odometry()
 .text._ZNK8nav_msgs8Odometry9serializeEPh
                0x00000000080052ec       0x9e ./Core/Src/mainpp.o
                0x00000000080052ec                nav_msgs::Odometry::serialize(unsigned char*) const
 .text._ZN8nav_msgs8Odometry11deserializeEPh
                0x000000000800538a       0xca ./Core/Src/mainpp.o
                0x000000000800538a                nav_msgs::Odometry::deserialize(unsigned char*)
 .text._ZN8nav_msgs8Odometry7getTypeEv
                0x0000000008005454       0x1c ./Core/Src/mainpp.o
                0x0000000008005454                nav_msgs::Odometry::getType()
 .text._ZN8nav_msgs8Odometry6getMD5Ev
                0x0000000008005470       0x1c ./Core/Src/mainpp.o
                0x0000000008005470                nav_msgs::Odometry::getMD5()
 .text._ZN7MessageC2Ev
                0x000000000800548c       0x24 ./Core/Src/mainpp.o
                0x000000000800548c                Message::Message()
                0x000000000800548c                Message::Message()
 .text._ZN3ros15NodeHandleBase_C2Ev
                0x00000000080054b0       0x20 ./Core/Src/mainpp.o
                0x00000000080054b0                ros::NodeHandleBase_::NodeHandleBase_()
                0x00000000080054b0                ros::NodeHandleBase_::NodeHandleBase_()
 .text._ZN3ros11NodeHandle_I13STM32HardwareLi5ELi5ELi512ELi8192EEC2Ev
                0x00000000080054d0      0x134 ./Core/Src/mainpp.o
                0x00000000080054d0                ros::NodeHandle_<STM32Hardware, 5, 5, 512, 8192>::NodeHandle_()
                0x00000000080054d0                ros::NodeHandle_<STM32Hardware, 5, 5, 512, 8192>::NodeHandle_()
 .text.Odom_Publish
                0x0000000008005604       0xd8 ./Core/Src/mainpp.o
                0x0000000008005604                Odom_Publish
 .text.HAL_UART_TxCpltCallback
                0x00000000080056dc       0x24 ./Core/Src/mainpp.o
                0x00000000080056dc                HAL_UART_TxCpltCallback
 .text.HAL_UART_RxCpltCallback
                0x0000000008005700       0x24 ./Core/Src/mainpp.o
                0x0000000008005700                HAL_UART_RxCpltCallback
 .text.setup    0x0000000008005724       0x50 ./Core/Src/mainpp.o
                0x0000000008005724                setup
 .text.loop     0x0000000008005774       0x18 ./Core/Src/mainpp.o
                0x0000000008005774                loop
 .text._ZN3ros3Msg8varToArrIPhmEEvT_T0_
                0x000000000800578c       0x3c ./Core/Src/mainpp.o
                0x000000000800578c                void ros::Msg::varToArr<unsigned char*, unsigned long>(unsigned char*, unsigned long)
 .text._ZN3ros3Msg8arrToVarImPhEEvRT_T0_
                0x00000000080057c8       0x4a ./Core/Src/mainpp.o
                0x00000000080057c8                void ros::Msg::arrToVar<unsigned long, unsigned char*>(unsigned long&, unsigned char*)
 .text._ZN3ros11NodeHandle_I13STM32HardwareLi5ELi5ELi512ELi8192EE11getHardwareEv
                0x0000000008005812       0x18 ./Core/Src/mainpp.o
                0x0000000008005812                ros::NodeHandle_<STM32Hardware, 5, 5, 512, 8192>::getHardware()
 .text._ZN3ros11NodeHandle_I13STM32HardwareLi5ELi5ELi512ELi8192EE8initNodeEv
                0x000000000800582a       0x52 ./Core/Src/mainpp.o
                0x000000000800582a                ros::NodeHandle_<STM32Hardware, 5, 5, 512, 8192>::initNode()
 .text._ZN3ros11NodeHandle_I13STM32HardwareLi5ELi5ELi512ELi8192EE9advertiseERNS_9PublisherE
                0x000000000800587c       0x60 ./Core/Src/mainpp.o
                0x000000000800587c                ros::NodeHandle_<STM32Hardware, 5, 5, 512, 8192>::advertise(ros::Publisher&)
 .text._ZN3ros11NodeHandle_I13STM32HardwareLi5ELi5ELi512ELi8192EE8spinOnceEv
                0x00000000080058dc      0x4e2 ./Core/Src/mainpp.o
                0x00000000080058dc                ros::NodeHandle_<STM32Hardware, 5, 5, 512, 8192>::spinOnce()
 .text._ZN3ros11NodeHandle_I13STM32HardwareLi5ELi5ELi512ELi8192EE15requestSyncTimeEv
                0x0000000008005dbe       0x3c ./Core/Src/mainpp.o
                0x0000000008005dbe                ros::NodeHandle_<STM32Hardware, 5, 5, 512, 8192>::requestSyncTime()
 .text._ZN3ros11NodeHandle_I13STM32HardwareLi5ELi5ELi512ELi8192EE15negotiateTopicsEv
                0x0000000008005dfa      0x1c2 ./Core/Src/mainpp.o
                0x0000000008005dfa                ros::NodeHandle_<STM32Hardware, 5, 5, 512, 8192>::negotiateTopics()
 .text._ZN3ros11NodeHandle_I13STM32HardwareLi5ELi5ELi512ELi8192EE8syncTimeEPh
                0x0000000008005fbc       0x9c ./Core/Src/mainpp.o
                0x0000000008005fbc                ros::NodeHandle_<STM32Hardware, 5, 5, 512, 8192>::syncTime(unsigned char*)
 .text._ZN3ros11NodeHandle_I13STM32HardwareLi5ELi5ELi512ELi8192EE7publishEiPKNS_3MsgE
                0x0000000008006058      0x12c ./Core/Src/mainpp.o
                0x0000000008006058                ros::NodeHandle_<STM32Hardware, 5, 5, 512, 8192>::publish(int, ros::Msg const*)
 .text._ZN3ros11NodeHandle_I13STM32HardwareLi5ELi5ELi512ELi8192EE6setNowERKNS_4TimeE
                0x0000000008006184       0x80 ./Core/Src/mainpp.o
                0x0000000008006184                ros::NodeHandle_<STM32Hardware, 5, 5, 512, 8192>::setNow(ros::Time const&)
 .text._ZN3ros11NodeHandle_I13STM32HardwareLi5ELi5ELi512ELi8192EE8logerrorEPKc
                0x0000000008006204       0x1c ./Core/Src/mainpp.o
                0x0000000008006204                ros::NodeHandle_<STM32Hardware, 5, 5, 512, 8192>::logerror(char const*)
 .text._ZN3ros11NodeHandle_I13STM32HardwareLi5ELi5ELi512ELi8192EE3logEcPKc
                0x0000000008006220       0x38 ./Core/Src/mainpp.o
                0x0000000008006220                ros::NodeHandle_<STM32Hardware, 5, 5, 512, 8192>::log(char, char const*)
 .text._Z41__static_initialization_and_destruction_0ii
                0x0000000008006258       0xb8 ./Core/Src/mainpp.o
 .text._ZN3ros11NodeHandle_I13STM32HardwareLi5ELi5ELi512ELi8192EE9connectedEv
                0x0000000008006310       0x1e ./Core/Src/mainpp.o
                0x0000000008006310                ros::NodeHandle_<STM32Hardware, 5, 5, 512, 8192>::connected()
 .text._GLOBAL__sub_I_odom_msg
                0x000000000800632e       0x10 ./Core/Src/mainpp.o
 *fill*         0x000000000800633e        0x2 
 .text.HAL_MspInit
                0x0000000008006340       0x50 ./Core/Src/stm32f4xx_hal_msp.o
                0x0000000008006340                HAL_MspInit
 .text.HAL_TIM_Encoder_MspInit
                0x0000000008006390      0x154 ./Core/Src/stm32f4xx_hal_msp.o
                0x0000000008006390                HAL_TIM_Encoder_MspInit
 .text.HAL_UART_MspInit
                0x00000000080064e4      0x170 ./Core/Src/stm32f4xx_hal_msp.o
                0x00000000080064e4                HAL_UART_MspInit
 .text.NMI_Handler
                0x0000000008006654        0x6 ./Core/Src/stm32f4xx_it.o
                0x0000000008006654                NMI_Handler
 .text.HardFault_Handler
                0x000000000800665a        0x6 ./Core/Src/stm32f4xx_it.o
                0x000000000800665a                HardFault_Handler
 .text.MemManage_Handler
                0x0000000008006660        0x6 ./Core/Src/stm32f4xx_it.o
                0x0000000008006660                MemManage_Handler
 .text.BusFault_Handler
                0x0000000008006666        0x6 ./Core/Src/stm32f4xx_it.o
                0x0000000008006666                BusFault_Handler
 .text.UsageFault_Handler
                0x000000000800666c        0x6 ./Core/Src/stm32f4xx_it.o
                0x000000000800666c                UsageFault_Handler
 .text.SVC_Handler
                0x0000000008006672        0xe ./Core/Src/stm32f4xx_it.o
                0x0000000008006672                SVC_Handler
 .text.DebugMon_Handler
                0x0000000008006680        0xe ./Core/Src/stm32f4xx_it.o
                0x0000000008006680                DebugMon_Handler
 .text.PendSV_Handler
                0x000000000800668e        0xe ./Core/Src/stm32f4xx_it.o
                0x000000000800668e                PendSV_Handler
 *fill*         0x000000000800669c        0x4 
 .text.SysTick_Handler
                0x00000000080066a0      0x268 ./Core/Src/stm32f4xx_it.o
                0x00000000080066a0                SysTick_Handler
 .text.DMA1_Stream2_IRQHandler
                0x0000000008006908       0x14 ./Core/Src/stm32f4xx_it.o
                0x0000000008006908                DMA1_Stream2_IRQHandler
 .text.DMA1_Stream4_IRQHandler
                0x000000000800691c       0x14 ./Core/Src/stm32f4xx_it.o
                0x000000000800691c                DMA1_Stream4_IRQHandler
 .text.TIM2_IRQHandler
                0x0000000008006930       0x14 ./Core/Src/stm32f4xx_it.o
                0x0000000008006930                TIM2_IRQHandler
 .text.TIM5_IRQHandler
                0x0000000008006944       0x14 ./Core/Src/stm32f4xx_it.o
                0x0000000008006944                TIM5_IRQHandler
 .text.UART4_IRQHandler
                0x0000000008006958       0x14 ./Core/Src/stm32f4xx_it.o
                0x0000000008006958                UART4_IRQHandler
 .text._getpid  0x000000000800696c       0x10 ./Core/Src/syscalls.o
                0x000000000800696c                _getpid
 .text._kill    0x000000000800697c       0x20 ./Core/Src/syscalls.o
                0x000000000800697c                _kill
 .text._exit    0x000000000800699c       0x14 ./Core/Src/syscalls.o
                0x000000000800699c                _exit
 .text._sbrk    0x00000000080069b0       0x6c ./Core/Src/sysmem.o
                0x00000000080069b0                _sbrk
 .text.SystemInit
                0x0000000008006a1c       0x24 ./Core/Src/system_stm32f4xx.o
                0x0000000008006a1c                SystemInit
 .text.Reset_Handler
                0x0000000008006a40       0x50 ./Core/Startup/startup_stm32f407vgtx.o
                0x0000000008006a40                Reset_Handler
 .text.Default_Handler
                0x0000000008006a90        0x2 ./Core/Startup/startup_stm32f407vgtx.o
                0x0000000008006a90                RTC_Alarm_IRQHandler
                0x0000000008006a90                HASH_RNG_IRQHandler
                0x0000000008006a90                EXTI2_IRQHandler
                0x0000000008006a90                TIM8_CC_IRQHandler
                0x0000000008006a90                TIM1_CC_IRQHandler
                0x0000000008006a90                DMA2_Stream5_IRQHandler
                0x0000000008006a90                DMA1_Stream5_IRQHandler
                0x0000000008006a90                PVD_IRQHandler
                0x0000000008006a90                SDIO_IRQHandler
                0x0000000008006a90                TAMP_STAMP_IRQHandler
                0x0000000008006a90                CAN2_RX1_IRQHandler
                0x0000000008006a90                EXTI3_IRQHandler
                0x0000000008006a90                TIM8_TRG_COM_TIM14_IRQHandler
                0x0000000008006a90                TIM1_UP_TIM10_IRQHandler
                0x0000000008006a90                TIM8_UP_TIM13_IRQHandler
                0x0000000008006a90                I2C3_ER_IRQHandler
                0x0000000008006a90                EXTI0_IRQHandler
                0x0000000008006a90                I2C2_EV_IRQHandler
                0x0000000008006a90                CAN1_RX0_IRQHandler
                0x0000000008006a90                FPU_IRQHandler
                0x0000000008006a90                OTG_HS_WKUP_IRQHandler
                0x0000000008006a90                CAN2_SCE_IRQHandler
                0x0000000008006a90                DMA2_Stream2_IRQHandler
                0x0000000008006a90                SPI1_IRQHandler
                0x0000000008006a90                TIM6_DAC_IRQHandler
                0x0000000008006a90                TIM1_BRK_TIM9_IRQHandler
                0x0000000008006a90                DCMI_IRQHandler
                0x0000000008006a90                CAN2_RX0_IRQHandler
                0x0000000008006a90                DMA2_Stream3_IRQHandler
                0x0000000008006a90                USART6_IRQHandler
                0x0000000008006a90                USART3_IRQHandler
                0x0000000008006a90                CAN1_RX1_IRQHandler
                0x0000000008006a90                UART5_IRQHandler
                0x0000000008006a90                DMA2_Stream0_IRQHandler
                0x0000000008006a90                TIM4_IRQHandler
                0x0000000008006a90                I2C1_EV_IRQHandler
                0x0000000008006a90                DMA1_Stream6_IRQHandler
                0x0000000008006a90                DMA1_Stream1_IRQHandler
                0x0000000008006a90                TIM3_IRQHandler
                0x0000000008006a90                RCC_IRQHandler
                0x0000000008006a90                TIM8_BRK_TIM12_IRQHandler
                0x0000000008006a90                Default_Handler
                0x0000000008006a90                EXTI15_10_IRQHandler
                0x0000000008006a90                ADC_IRQHandler
                0x0000000008006a90                DMA1_Stream7_IRQHandler
                0x0000000008006a90                TIM7_IRQHandler
                0x0000000008006a90                CAN2_TX_IRQHandler
                0x0000000008006a90                DMA2_Stream7_IRQHandler
                0x0000000008006a90                I2C3_EV_IRQHandler
                0x0000000008006a90                EXTI9_5_IRQHandler
                0x0000000008006a90                RTC_WKUP_IRQHandler
                0x0000000008006a90                ETH_WKUP_IRQHandler
                0x0000000008006a90                SPI2_IRQHandler
                0x0000000008006a90                OTG_HS_EP1_IN_IRQHandler
                0x0000000008006a90                DMA1_Stream0_IRQHandler
                0x0000000008006a90                CAN1_TX_IRQHandler
                0x0000000008006a90                EXTI4_IRQHandler
                0x0000000008006a90                FSMC_IRQHandler
                0x0000000008006a90                ETH_IRQHandler
                0x0000000008006a90                OTG_HS_EP1_OUT_IRQHandler
                0x0000000008006a90                WWDG_IRQHandler
                0x0000000008006a90                OTG_FS_WKUP_IRQHandler
                0x0000000008006a90                TIM1_TRG_COM_TIM11_IRQHandler
                0x0000000008006a90                OTG_HS_IRQHandler
                0x0000000008006a90                EXTI1_IRQHandler
                0x0000000008006a90                USART2_IRQHandler
                0x0000000008006a90                I2C2_ER_IRQHandler
                0x0000000008006a90                DMA2_Stream1_IRQHandler
                0x0000000008006a90                CAN1_SCE_IRQHandler
                0x0000000008006a90                FLASH_IRQHandler
                0x0000000008006a90                DMA2_Stream4_IRQHandler
                0x0000000008006a90                USART1_IRQHandler
                0x0000000008006a90                OTG_FS_IRQHandler
                0x0000000008006a90                SPI3_IRQHandler
                0x0000000008006a90                I2C1_ER_IRQHandler
                0x0000000008006a90                DMA2_Stream6_IRQHandler
                0x0000000008006a90                DMA1_Stream3_IRQHandler
 *fill*         0x0000000008006a92        0x2 
 .text.HAL_Init
                0x0000000008006a94       0x44 ./Drivers/STM32F4xx_HAL_Driver/Src/stm32f4xx_hal.o
                0x0000000008006a94                HAL_Init
 .text.HAL_InitTick
                0x0000000008006ad8       0x60 ./Drivers/STM32F4xx_HAL_Driver/Src/stm32f4xx_hal.o
                0x0000000008006ad8                HAL_InitTick
 .text.HAL_IncTick
                0x0000000008006b38       0x28 ./Drivers/STM32F4xx_HAL_Driver/Src/stm32f4xx_hal.o
                0x0000000008006b38                HAL_IncTick
 .text.HAL_GetTick
                0x0000000008006b60       0x18 ./Drivers/STM32F4xx_HAL_Driver/Src/stm32f4xx_hal.o
                0x0000000008006b60                HAL_GetTick
 .text.HAL_Delay
                0x0000000008006b78       0x48 ./Drivers/STM32F4xx_HAL_Driver/Src/stm32f4xx_hal.o
                0x0000000008006b78                HAL_Delay
 .text.__NVIC_SetPriorityGrouping
                0x0000000008006bc0       0x48 ./Drivers/STM32F4xx_HAL_Driver/Src/stm32f4xx_hal_cortex.o
 .text.__NVIC_GetPriorityGrouping
                0x0000000008006c08       0x1c ./Drivers/STM32F4xx_HAL_Driver/Src/stm32f4xx_hal_cortex.o
 .text.__NVIC_EnableIRQ
                0x0000000008006c24       0x3c ./Drivers/STM32F4xx_HAL_Driver/Src/stm32f4xx_hal_cortex.o
 .text.__NVIC_SetPriority
                0x0000000008006c60       0x54 ./Drivers/STM32F4xx_HAL_Driver/Src/stm32f4xx_hal_cortex.o
 .text.NVIC_EncodePriority
                0x0000000008006cb4       0x66 ./Drivers/STM32F4xx_HAL_Driver/Src/stm32f4xx_hal_cortex.o
 *fill*         0x0000000008006d1a        0x2 
 .text.SysTick_Config
                0x0000000008006d1c       0x44 ./Drivers/STM32F4xx_HAL_Driver/Src/stm32f4xx_hal_cortex.o
 .text.HAL_NVIC_SetPriorityGrouping
                0x0000000008006d60       0x16 ./Drivers/STM32F4xx_HAL_Driver/Src/stm32f4xx_hal_cortex.o
                0x0000000008006d60                HAL_NVIC_SetPriorityGrouping
 .text.HAL_NVIC_SetPriority
                0x0000000008006d76       0x38 ./Drivers/STM32F4xx_HAL_Driver/Src/stm32f4xx_hal_cortex.o
                0x0000000008006d76                HAL_NVIC_SetPriority
 .text.HAL_NVIC_EnableIRQ
                0x0000000008006dae       0x1c ./Drivers/STM32F4xx_HAL_Driver/Src/stm32f4xx_hal_cortex.o
                0x0000000008006dae                HAL_NVIC_EnableIRQ
 .text.HAL_SYSTICK_Config
                0x0000000008006dca       0x18 ./Drivers/STM32F4xx_HAL_Driver/Src/stm32f4xx_hal_cortex.o
                0x0000000008006dca                HAL_SYSTICK_Config
 *fill*         0x0000000008006de2        0x2 
 .text.HAL_DMA_Init
                0x0000000008006de4      0x15c ./Drivers/STM32F4xx_HAL_Driver/Src/stm32f4xx_hal_dma.o
                0x0000000008006de4                HAL_DMA_Init
 .text.HAL_DMA_Start_IT
                0x0000000008006f40       0xb0 ./Drivers/STM32F4xx_HAL_Driver/Src/stm32f4xx_hal_dma.o
                0x0000000008006f40                HAL_DMA_Start_IT
 .text.HAL_DMA_Abort
                0x0000000008006ff0       0xe0 ./Drivers/STM32F4xx_HAL_Driver/Src/stm32f4xx_hal_dma.o
                0x0000000008006ff0                HAL_DMA_Abort
 .text.HAL_DMA_Abort_IT
                0x00000000080070d0       0x44 ./Drivers/STM32F4xx_HAL_Driver/Src/stm32f4xx_hal_dma.o
                0x00000000080070d0                HAL_DMA_Abort_IT
 .text.HAL_DMA_IRQHandler
                0x0000000008007114      0x314 ./Drivers/STM32F4xx_HAL_Driver/Src/stm32f4xx_hal_dma.o
                0x0000000008007114                HAL_DMA_IRQHandler
 .text.DMA_SetConfig
                0x0000000008007428       0x5c ./Drivers/STM32F4xx_HAL_Driver/Src/stm32f4xx_hal_dma.o
 .text.DMA_CalcBaseAndBitshift
                0x0000000008007484       0x6c ./Drivers/STM32F4xx_HAL_Driver/Src/stm32f4xx_hal_dma.o
 .text.DMA_CheckFifoParam
                0x00000000080074f0       0xf8 ./Drivers/STM32F4xx_HAL_Driver/Src/stm32f4xx_hal_dma.o
 .text.HAL_GPIO_Init
                0x00000000080075e8      0x338 ./Drivers/STM32F4xx_HAL_Driver/Src/stm32f4xx_hal_gpio.o
                0x00000000080075e8                HAL_GPIO_Init
 .text.HAL_RCC_OscConfig
                0x0000000008007920      0x4f0 ./Drivers/STM32F4xx_HAL_Driver/Src/stm32f4xx_hal_rcc.o
                0x0000000008007920                HAL_RCC_OscConfig
 .text.HAL_RCC_ClockConfig
                0x0000000008007e10      0x1cc ./Drivers/STM32F4xx_HAL_Driver/Src/stm32f4xx_hal_rcc.o
                0x0000000008007e10                HAL_RCC_ClockConfig
 .text.HAL_RCC_GetSysClockFreq
                0x0000000008007fdc      0x18c ./Drivers/STM32F4xx_HAL_Driver/Src/stm32f4xx_hal_rcc.o
                0x0000000008007fdc                HAL_RCC_GetSysClockFreq
 .text.HAL_RCC_GetHCLKFreq
                0x0000000008008168       0x18 ./Drivers/STM32F4xx_HAL_Driver/Src/stm32f4xx_hal_rcc.o
                0x0000000008008168                HAL_RCC_GetHCLKFreq
 .text.HAL_RCC_GetPCLK1Freq
                0x0000000008008180       0x28 ./Drivers/STM32F4xx_HAL_Driver/Src/stm32f4xx_hal_rcc.o
                0x0000000008008180                HAL_RCC_GetPCLK1Freq
 .text.HAL_RCC_GetPCLK2Freq
                0x00000000080081a8       0x28 ./Drivers/STM32F4xx_HAL_Driver/Src/stm32f4xx_hal_rcc.o
                0x00000000080081a8                HAL_RCC_GetPCLK2Freq
 .text.HAL_TIM_Encoder_Init
                0x00000000080081d0      0x14c ./Drivers/STM32F4xx_HAL_Driver/Src/stm32f4xx_hal_tim.o
                0x00000000080081d0                HAL_TIM_Encoder_Init
 .text.HAL_TIM_Encoder_Start_IT
                0x000000000800831c      0x15c ./Drivers/STM32F4xx_HAL_Driver/Src/stm32f4xx_hal_tim.o
                0x000000000800831c                HAL_TIM_Encoder_Start_IT
 .text.HAL_TIM_IRQHandler
                0x0000000008008478      0x210 ./Drivers/STM32F4xx_HAL_Driver/Src/stm32f4xx_hal_tim.o
                0x0000000008008478                HAL_TIM_IRQHandler
 .text.HAL_TIM_PeriodElapsedCallback
                0x0000000008008688       0x14 ./Drivers/STM32F4xx_HAL_Driver/Src/stm32f4xx_hal_tim.o
                0x0000000008008688                HAL_TIM_PeriodElapsedCallback
 .text.HAL_TIM_OC_DelayElapsedCallback
                0x000000000800869c       0x14 ./Drivers/STM32F4xx_HAL_Driver/Src/stm32f4xx_hal_tim.o
                0x000000000800869c                HAL_TIM_OC_DelayElapsedCallback
 .text.HAL_TIM_PWM_PulseFinishedCallback
                0x00000000080086b0       0x14 ./Drivers/STM32F4xx_HAL_Driver/Src/stm32f4xx_hal_tim.o
                0x00000000080086b0                HAL_TIM_PWM_PulseFinishedCallback
 .text.HAL_TIM_TriggerCallback
                0x00000000080086c4       0x14 ./Drivers/STM32F4xx_HAL_Driver/Src/stm32f4xx_hal_tim.o
                0x00000000080086c4                HAL_TIM_TriggerCallback
 .text.TIM_Base_SetConfig
                0x00000000080086d8      0x140 ./Drivers/STM32F4xx_HAL_Driver/Src/stm32f4xx_hal_tim.o
                0x00000000080086d8                TIM_Base_SetConfig
 .text.TIM_CCxChannelCmd
                0x0000000008008818       0x4a ./Drivers/STM32F4xx_HAL_Driver/Src/stm32f4xx_hal_tim.o
                0x0000000008008818                TIM_CCxChannelCmd
 *fill*         0x0000000008008862        0x2 
 .text.HAL_TIMEx_MasterConfigSynchronization
                0x0000000008008864       0xf8 ./Drivers/STM32F4xx_HAL_Driver/Src/stm32f4xx_hal_tim_ex.o
                0x0000000008008864                HAL_TIMEx_MasterConfigSynchronization
 .text.HAL_TIMEx_CommutCallback
                0x000000000800895c       0x14 ./Drivers/STM32F4xx_HAL_Driver/Src/stm32f4xx_hal_tim_ex.o
                0x000000000800895c                HAL_TIMEx_CommutCallback
 .text.HAL_TIMEx_BreakCallback
                0x0000000008008970       0x14 ./Drivers/STM32F4xx_HAL_Driver/Src/stm32f4xx_hal_tim_ex.o
                0x0000000008008970                HAL_TIMEx_BreakCallback
 .text.HAL_UART_Init
                0x0000000008008984       0x9a ./Drivers/STM32F4xx_HAL_Driver/Src/stm32f4xx_hal_uart.o
                0x0000000008008984                HAL_UART_Init
 *fill*         0x0000000008008a1e        0x2 
 .text.HAL_UART_Transmit_DMA
                0x0000000008008a20       0xfc ./Drivers/STM32F4xx_HAL_Driver/Src/stm32f4xx_hal_uart.o
                0x0000000008008a20                HAL_UART_Transmit_DMA
 .text.HAL_UART_Receive_DMA
                0x0000000008008b1c       0x60 ./Drivers/STM32F4xx_HAL_Driver/Src/stm32f4xx_hal_uart.o
                0x0000000008008b1c                HAL_UART_Receive_DMA
 .text.HAL_UART_IRQHandler
                0x0000000008008b7c      0x51c ./Drivers/STM32F4xx_HAL_Driver/Src/stm32f4xx_hal_uart.o
                0x0000000008008b7c                HAL_UART_IRQHandler
 .text.HAL_UART_TxHalfCpltCallback
                0x0000000008009098       0x14 ./Drivers/STM32F4xx_HAL_Driver/Src/stm32f4xx_hal_uart.o
                0x0000000008009098                HAL_UART_TxHalfCpltCallback
 .text.HAL_UART_RxHalfCpltCallback
                0x00000000080090ac       0x14 ./Drivers/STM32F4xx_HAL_Driver/Src/stm32f4xx_hal_uart.o
                0x00000000080090ac                HAL_UART_RxHalfCpltCallback
 .text.HAL_UART_ErrorCallback
                0x00000000080090c0       0x14 ./Drivers/STM32F4xx_HAL_Driver/Src/stm32f4xx_hal_uart.o
                0x00000000080090c0                HAL_UART_ErrorCallback
 .text.HAL_UARTEx_RxEventCallback
                0x00000000080090d4       0x18 ./Drivers/STM32F4xx_HAL_Driver/Src/stm32f4xx_hal_uart.o
                0x00000000080090d4                HAL_UARTEx_RxEventCallback
 .text.UART_DMATransmitCplt
                0x00000000080090ec       0x9a ./Drivers/STM32F4xx_HAL_Driver/Src/stm32f4xx_hal_uart.o
 .text.UART_DMATxHalfCplt
                0x0000000008009186       0x1c ./Drivers/STM32F4xx_HAL_Driver/Src/stm32f4xx_hal_uart.o
 .text.UART_DMAReceiveCplt
                0x00000000080091a2      0x126 ./Drivers/STM32F4xx_HAL_Driver/Src/stm32f4xx_hal_uart.o
 .text.UART_DMARxHalfCplt
                0x00000000080092c8       0x36 ./Drivers/STM32F4xx_HAL_Driver/Src/stm32f4xx_hal_uart.o
 .text.UART_DMAError
                0x00000000080092fe       0x94 ./Drivers/STM32F4xx_HAL_Driver/Src/stm32f4xx_hal_uart.o
 *fill*         0x0000000008009392        0x2 
 .text.UART_Start_Receive_DMA
                0x0000000008009394      0x13c ./Drivers/STM32F4xx_HAL_Driver/Src/stm32f4xx_hal_uart.o
                0x0000000008009394                UART_Start_Receive_DMA
 .text.UART_EndTxTransfer
                0x00000000080094d0       0x50 ./Drivers/STM32F4xx_HAL_Driver/Src/stm32f4xx_hal_uart.o
 .text.UART_EndRxTransfer
                0x0000000008009520       0xc6 ./Drivers/STM32F4xx_HAL_Driver/Src/stm32f4xx_hal_uart.o
 .text.UART_DMAAbortOnError
                0x00000000080095e6       0x28 ./Drivers/STM32F4xx_HAL_Driver/Src/stm32f4xx_hal_uart.o
 .text.UART_Transmit_IT
                0x000000000800960e       0xa0 ./Drivers/STM32F4xx_HAL_Driver/Src/stm32f4xx_hal_uart.o
 .text.UART_EndTransmit_IT
                0x00000000080096ae       0x30 ./Drivers/STM32F4xx_HAL_Driver/Src/stm32f4xx_hal_uart.o
 .text.UART_Receive_IT
                0x00000000080096de      0x176 ./Drivers/STM32F4xx_HAL_Driver/Src/stm32f4xx_hal_uart.o
 .text.UART_SetConfig
                0x0000000008009854      0x4e8 ./Drivers/STM32F4xx_HAL_Driver/Src/stm32f4xx_hal_uart.o
 .text.__cxa_pure_virtual
                0x0000000008009d3c        0x6 /opt/st/stm32cubeide_1.10.1/plugins/com.st.stm32cube.ide.mcu.externaltools.gnu-tools-for-stm32.10.3-2021.10.linux64_1.0.0.202111181127/tools/bin/../lib/gcc/arm-none-eabi/10.3.1/../../../../arm-none-eabi/lib/thumb/v7e-m+fp/hard/libstdc++_nano.a(pure.o)
                0x0000000008009d3c                __cxa_pure_virtual
 .text._ZN10__cxxabiv111__terminateEPFvvE
                0x0000000008009d42        0x8 /opt/st/stm32cubeide_1.10.1/plugins/com.st.stm32cube.ide.mcu.externaltools.gnu-tools-for-stm32.10.3-2021.10.linux64_1.0.0.202111181127/tools/bin/../lib/gcc/arm-none-eabi/10.3.1/../../../../arm-none-eabi/lib/thumb/v7e-m+fp/hard/libstdc++_nano.a(eh_terminate.o)
                0x0000000008009d42                __cxxabiv1::__terminate(void (*)())
 *fill*         0x0000000008009d4a        0x2 
 .text._ZSt13get_terminatev
                0x0000000008009d4c       0x10 /opt/st/stm32cubeide_1.10.1/plugins/com.st.stm32cube.ide.mcu.externaltools.gnu-tools-for-stm32.10.3-2021.10.linux64_1.0.0.202111181127/tools/bin/../lib/gcc/arm-none-eabi/10.3.1/../../../../arm-none-eabi/lib/thumb/v7e-m+fp/hard/libstdc++_nano.a(eh_terminate.o)
                0x0000000008009d4c                std::get_terminate()
 .text._ZSt9terminatev
                0x0000000008009d5c        0xa /opt/st/stm32cubeide_1.10.1/plugins/com.st.stm32cube.ide.mcu.externaltools.gnu-tools-for-stm32.10.3-2021.10.linux64_1.0.0.202111181127/tools/bin/../lib/gcc/arm-none-eabi/10.3.1/../../../../arm-none-eabi/lib/thumb/v7e-m+fp/hard/libstdc++_nano.a(eh_terminate.o)
                0x0000000008009d5c                std::terminate()
 *fill*         0x0000000008009d66        0x2 
 .text.cos      0x0000000008009d68       0xa8 /opt/st/stm32cubeide_1.10.1/plugins/com.st.stm32cube.ide.mcu.externaltools.gnu-tools-for-stm32.10.3-2021.10.linux64_1.0.0.202111181127/tools/bin/../lib/gcc/arm-none-eabi/10.3.1/../../../../arm-none-eabi/lib/thumb/v7e-m+fp/hard/libm.a(lib_a-s_cos.o)
                0x0000000008009d68                cos
 .text.sin      0x0000000008009e10       0xb0 /opt/st/stm32cubeide_1.10.1/plugins/com.st.stm32cube.ide.mcu.externaltools.gnu-tools-for-stm32.10.3-2021.10.linux64_1.0.0.202111181127/tools/bin/../lib/gcc/arm-none-eabi/10.3.1/../../../../arm-none-eabi/lib/thumb/v7e-m+fp/hard/libm.a(lib_a-s_sin.o)
                0x0000000008009e10                sin
 .text.cosf     0x0000000008009ec0       0x88 /opt/st/stm32cubeide_1.10.1/plugins/com.st.stm32cube.ide.mcu.externaltools.gnu-tools-for-stm32.10.3-2021.10.linux64_1.0.0.202111181127/tools/bin/../lib/gcc/arm-none-eabi/10.3.1/../../../../arm-none-eabi/lib/thumb/v7e-m+fp/hard/libm.a(lib_a-sf_cos.o)
                0x0000000008009ec0                cosf
 .text.sinf     0x0000000008009f48       0x8c /opt/st/stm32cubeide_1.10.1/plugins/com.st.stm32cube.ide.mcu.externaltools.gnu-tools-for-stm32.10.3-2021.10.linux64_1.0.0.202111181127/tools/bin/../lib/gcc/arm-none-eabi/10.3.1/../../../../arm-none-eabi/lib/thumb/v7e-m+fp/hard/libm.a(lib_a-sf_sin.o)
                0x0000000008009f48                sinf
 *fill*         0x0000000008009fd4        0x4 
 .text.__ieee754_rem_pio2
                0x0000000008009fd8      0x418 /opt/st/stm32cubeide_1.10.1/plugins/com.st.stm32cube.ide.mcu.externaltools.gnu-tools-for-stm32.10.3-2021.10.linux64_1.0.0.202111181127/tools/bin/../lib/gcc/arm-none-eabi/10.3.1/../../../../arm-none-eabi/lib/thumb/v7e-m+fp/hard/libm.a(lib_a-e_rem_pio2.o)
                0x0000000008009fd8                __ieee754_rem_pio2
 .text.__ieee754_rem_pio2f
                0x000000000800a3f0      0x278 /opt/st/stm32cubeide_1.10.1/plugins/com.st.stm32cube.ide.mcu.externaltools.gnu-tools-for-stm32.10.3-2021.10.linux64_1.0.0.202111181127/tools/bin/../lib/gcc/arm-none-eabi/10.3.1/../../../../arm-none-eabi/lib/thumb/v7e-m+fp/hard/libm.a(lib_a-ef_rem_pio2.o)
                0x000000000800a3f0                __ieee754_rem_pio2f
 .text.__kernel_cos
                0x000000000800a668      0x18c /opt/st/stm32cubeide_1.10.1/plugins/com.st.stm32cube.ide.mcu.externaltools.gnu-tools-for-stm32.10.3-2021.10.linux64_1.0.0.202111181127/tools/bin/../lib/gcc/arm-none-eabi/10.3.1/../../../../arm-none-eabi/lib/thumb/v7e-m+fp/hard/libm.a(lib_a-k_cos.o)
                0x000000000800a668                __kernel_cos
 *fill*         0x000000000800a7f4        0x4 
 .text.__kernel_rem_pio2
                0x000000000800a7f8      0x69c /opt/st/stm32cubeide_1.10.1/plugins/com.st.stm32cube.ide.mcu.externaltools.gnu-tools-for-stm32.10.3-2021.10.linux64_1.0.0.202111181127/tools/bin/../lib/gcc/arm-none-eabi/10.3.1/../../../../arm-none-eabi/lib/thumb/v7e-m+fp/hard/libm.a(lib_a-k_rem_pio2.o)
                0x000000000800a7f8                __kernel_rem_pio2
 *fill*         0x000000000800ae94        0x4 
 .text.__kernel_sin
                0x000000000800ae98      0x17c /opt/st/stm32cubeide_1.10.1/plugins/com.st.stm32cube.ide.mcu.externaltools.gnu-tools-for-stm32.10.3-2021.10.linux64_1.0.0.202111181127/tools/bin/../lib/gcc/arm-none-eabi/10.3.1/../../../../arm-none-eabi/lib/thumb/v7e-m+fp/hard/libm.a(lib_a-k_sin.o)
                0x000000000800ae98                __kernel_sin
 .text.__kernel_cosf
                0x000000000800b014       0xc0 /opt/st/stm32cubeide_1.10.1/plugins/com.st.stm32cube.ide.mcu.externaltools.gnu-tools-for-stm32.10.3-2021.10.linux64_1.0.0.202111181127/tools/bin/../lib/gcc/arm-none-eabi/10.3.1/../../../../arm-none-eabi/lib/thumb/v7e-m+fp/hard/libm.a(lib_a-kf_cos.o)
                0x000000000800b014                __kernel_cosf
 .text.__kernel_rem_pio2f
                0x000000000800b0d4      0x4ec /opt/st/stm32cubeide_1.10.1/plugins/com.st.stm32cube.ide.mcu.externaltools.gnu-tools-for-stm32.10.3-2021.10.linux64_1.0.0.202111181127/tools/bin/../lib/gcc/arm-none-eabi/10.3.1/../../../../arm-none-eabi/lib/thumb/v7e-m+fp/hard/libm.a(lib_a-kf_rem_pio2.o)
                0x000000000800b0d4                __kernel_rem_pio2f
 .text.__kernel_sinf
                0x000000000800b5c0       0x90 /opt/st/stm32cubeide_1.10.1/plugins/com.st.stm32cube.ide.mcu.externaltools.gnu-tools-for-stm32.10.3-2021.10.linux64_1.0.0.202111181127/tools/bin/../lib/gcc/arm-none-eabi/10.3.1/../../../../arm-none-eabi/lib/thumb/v7e-m+fp/hard/libm.a(lib_a-kf_sin.o)
                0x000000000800b5c0                __kernel_sinf
 .text.fabs     0x000000000800b650       0x12 /opt/st/stm32cubeide_1.10.1/plugins/com.st.stm32cube.ide.mcu.externaltools.gnu-tools-for-stm32.10.3-2021.10.linux64_1.0.0.202111181127/tools/bin/../lib/gcc/arm-none-eabi/10.3.1/../../../../arm-none-eabi/lib/thumb/v7e-m+fp/hard/libm.a(lib_a-s_fabs.o)
                0x000000000800b650                fabs
 *fill*         0x000000000800b662        0x6 
 .text.floor    0x000000000800b668      0x100 /opt/st/stm32cubeide_1.10.1/plugins/com.st.stm32cube.ide.mcu.externaltools.gnu-tools-for-stm32.10.3-2021.10.linux64_1.0.0.202111181127/tools/bin/../lib/gcc/arm-none-eabi/10.3.1/../../../../arm-none-eabi/lib/thumb/v7e-m+fp/hard/libm.a(lib_a-s_floor.o)
                0x000000000800b668                floor
 .text.scalbn   0x000000000800b768      0x10c /opt/st/stm32cubeide_1.10.1/plugins/com.st.stm32cube.ide.mcu.externaltools.gnu-tools-for-stm32.10.3-2021.10.linux64_1.0.0.202111181127/tools/bin/../lib/gcc/arm-none-eabi/10.3.1/../../../../arm-none-eabi/lib/thumb/v7e-m+fp/hard/libm.a(lib_a-s_scalbn.o)
                0x000000000800b768                scalbn
 .text.fabsf    0x000000000800b874        0xe /opt/st/stm32cubeide_1.10.1/plugins/com.st.stm32cube.ide.mcu.externaltools.gnu-tools-for-stm32.10.3-2021.10.linux64_1.0.0.202111181127/tools/bin/../lib/gcc/arm-none-eabi/10.3.1/../../../../arm-none-eabi/lib/thumb/v7e-m+fp/hard/libm.a(lib_a-sf_fabs.o)
                0x000000000800b874                fabsf
 *fill*         0x000000000800b882        0x2 
 .text.floorf   0x000000000800b884       0x84 /opt/st/stm32cubeide_1.10.1/plugins/com.st.stm32cube.ide.mcu.externaltools.gnu-tools-for-stm32.10.3-2021.10.linux64_1.0.0.202111181127/tools/bin/../lib/gcc/arm-none-eabi/10.3.1/../../../../arm-none-eabi/lib/thumb/v7e-m+fp/hard/libm.a(lib_a-sf_floor.o)
                0x000000000800b884                floorf
 .text.scalbnf  0x000000000800b908       0xe4 /opt/st/stm32cubeide_1.10.1/plugins/com.st.stm32cube.ide.mcu.externaltools.gnu-tools-for-stm32.10.3-2021.10.linux64_1.0.0.202111181127/tools/bin/../lib/gcc/arm-none-eabi/10.3.1/../../../../arm-none-eabi/lib/thumb/v7e-m+fp/hard/libm.a(lib_a-sf_scalbn.o)
                0x000000000800b908                scalbnf
 .text.abort    0x000000000800b9ec        0xe /opt/st/stm32cubeide_1.10.1/plugins/com.st.stm32cube.ide.mcu.externaltools.gnu-tools-for-stm32.10.3-2021.10.linux64_1.0.0.202111181127/tools/bin/../lib/gcc/arm-none-eabi/10.3.1/../../../../arm-none-eabi/lib/thumb/v7e-m+fp/hard/libc_nano.a(lib_a-abort.o)
                0x000000000800b9ec                abort
 *fill*         0x000000000800b9fa        0x2 
 .text.__errno  0x000000000800b9fc        0xc /opt/st/stm32cubeide_1.10.1/plugins/com.st.stm32cube.ide.mcu.externaltools.gnu-tools-for-stm32.10.3-2021.10.linux64_1.0.0.202111181127/tools/bin/../lib/gcc/arm-none-eabi/10.3.1/../../../../arm-none-eabi/lib/thumb/v7e-m+fp/hard/libc_nano.a(lib_a-errno.o)
                0x000000000800b9fc                __errno
 .text.__libc_init_array
                0x000000000800ba08       0x48 /opt/st/stm32cubeide_1.10.1/plugins/com.st.stm32cube.ide.mcu.externaltools.gnu-tools-for-stm32.10.3-2021.10.linux64_1.0.0.202111181127/tools/bin/../lib/gcc/arm-none-eabi/10.3.1/../../../../arm-none-eabi/lib/thumb/v7e-m+fp/hard/libc_nano.a(lib_a-init.o)
                0x000000000800ba08                __libc_init_array
 .text.memcpy   0x000000000800ba50       0x1c /opt/st/stm32cubeide_1.10.1/plugins/com.st.stm32cube.ide.mcu.externaltools.gnu-tools-for-stm32.10.3-2021.10.linux64_1.0.0.202111181127/tools/bin/../lib/gcc/arm-none-eabi/10.3.1/../../../../arm-none-eabi/lib/thumb/v7e-m+fp/hard/libc_nano.a(lib_a-memcpy-stub.o)
                0x000000000800ba50                memcpy
 .text.memset   0x000000000800ba6c       0x10 /opt/st/stm32cubeide_1.10.1/plugins/com.st.stm32cube.ide.mcu.externaltools.gnu-tools-for-stm32.10.3-2021.10.linux64_1.0.0.202111181127/tools/bin/../lib/gcc/arm-none-eabi/10.3.1/../../../../arm-none-eabi/lib/thumb/v7e-m+fp/hard/libc_nano.a(lib_a-memset.o)
                0x000000000800ba6c                memset
 .text.realloc  0x000000000800ba7c       0x10 /opt/st/stm32cubeide_1.10.1/plugins/com.st.stm32cube.ide.mcu.externaltools.gnu-tools-for-stm32.10.3-2021.10.linux64_1.0.0.202111181127/tools/bin/../lib/gcc/arm-none-eabi/10.3.1/../../../../arm-none-eabi/lib/thumb/v7e-m+fp/hard/libc_nano.a(lib_a-realloc.o)
                0x000000000800ba7c                realloc
 .text._raise_r
                0x000000000800ba8c       0x50 /opt/st/stm32cubeide_1.10.1/plugins/com.st.stm32cube.ide.mcu.externaltools.gnu-tools-for-stm32.10.3-2021.10.linux64_1.0.0.202111181127/tools/bin/../lib/gcc/arm-none-eabi/10.3.1/../../../../arm-none-eabi/lib/thumb/v7e-m+fp/hard/libc_nano.a(lib_a-signal.o)
                0x000000000800ba8c                _raise_r
 .text.raise    0x000000000800badc       0x10 /opt/st/stm32cubeide_1.10.1/plugins/com.st.stm32cube.ide.mcu.externaltools.gnu-tools-for-stm32.10.3-2021.10.linux64_1.0.0.202111181127/tools/bin/../lib/gcc/arm-none-eabi/10.3.1/../../../../arm-none-eabi/lib/thumb/v7e-m+fp/hard/libc_nano.a(lib_a-signal.o)
                0x000000000800badc                raise
 .text._kill_r  0x000000000800baec       0x24 /opt/st/stm32cubeide_1.10.1/plugins/com.st.stm32cube.ide.mcu.externaltools.gnu-tools-for-stm32.10.3-2021.10.linux64_1.0.0.202111181127/tools/bin/../lib/gcc/arm-none-eabi/10.3.1/../../../../arm-none-eabi/lib/thumb/v7e-m+fp/hard/libc_nano.a(lib_a-signalr.o)
                0x000000000800baec                _kill_r
 .text._getpid_r
                0x000000000800bb10        0x4 /opt/st/stm32cubeide_1.10.1/plugins/com.st.stm32cube.ide.mcu.externaltools.gnu-tools-for-stm32.10.3-2021.10.linux64_1.0.0.202111181127/tools/bin/../lib/gcc/arm-none-eabi/10.3.1/../../../../arm-none-eabi/lib/thumb/v7e-m+fp/hard/libc_nano.a(lib_a-signalr.o)
                0x000000000800bb10                _getpid_r
 .text.sbrk_aligned
                0x000000000800bb14       0x40 /opt/st/stm32cubeide_1.10.1/plugins/com.st.stm32cube.ide.mcu.externaltools.gnu-tools-for-stm32.10.3-2021.10.linux64_1.0.0.202111181127/tools/bin/../lib/gcc/arm-none-eabi/10.3.1/../../../../arm-none-eabi/lib/thumb/v7e-m+fp/hard/libc_nano.a(lib_a-nano-mallocr.o)
 .text._malloc_r
                0x000000000800bb54       0xe8 /opt/st/stm32cubeide_1.10.1/plugins/com.st.stm32cube.ide.mcu.externaltools.gnu-tools-for-stm32.10.3-2021.10.linux64_1.0.0.202111181127/tools/bin/../lib/gcc/arm-none-eabi/10.3.1/../../../../arm-none-eabi/lib/thumb/v7e-m+fp/hard/libc_nano.a(lib_a-nano-mallocr.o)
                0x000000000800bb54                _malloc_r
 .text._realloc_r
                0x000000000800bc3c       0x5e /opt/st/stm32cubeide_1.10.1/plugins/com.st.stm32cube.ide.mcu.externaltools.gnu-tools-for-stm32.10.3-2021.10.linux64_1.0.0.202111181127/tools/bin/../lib/gcc/arm-none-eabi/10.3.1/../../../../arm-none-eabi/lib/thumb/v7e-m+fp/hard/libc_nano.a(lib_a-nano-reallocr.o)
                0x000000000800bc3c                _realloc_r
 *fill*         0x000000000800bc9a        0x2 
 .text._sbrk_r  0x000000000800bc9c       0x20 /opt/st/stm32cubeide_1.10.1/plugins/com.st.stm32cube.ide.mcu.externaltools.gnu-tools-for-stm32.10.3-2021.10.linux64_1.0.0.202111181127/tools/bin/../lib/gcc/arm-none-eabi/10.3.1/../../../../arm-none-eabi/lib/thumb/v7e-m+fp/hard/libc_nano.a(lib_a-sbrkr.o)
                0x000000000800bc9c                _sbrk_r
 .text.__malloc_lock
                0x000000000800bcbc        0xc /opt/st/stm32cubeide_1.10.1/plugins/com.st.stm32cube.ide.mcu.externaltools.gnu-tools-for-stm32.10.3-2021.10.linux64_1.0.0.202111181127/tools/bin/../lib/gcc/arm-none-eabi/10.3.1/../../../../arm-none-eabi/lib/thumb/v7e-m+fp/hard/libc_nano.a(lib_a-mlock.o)
                0x000000000800bcbc                __malloc_lock
 .text.__malloc_unlock
                0x000000000800bcc8        0xc /opt/st/stm32cubeide_1.10.1/plugins/com.st.stm32cube.ide.mcu.externaltools.gnu-tools-for-stm32.10.3-2021.10.linux64_1.0.0.202111181127/tools/bin/../lib/gcc/arm-none-eabi/10.3.1/../../../../arm-none-eabi/lib/thumb/v7e-m+fp/hard/libc_nano.a(lib_a-mlock.o)
                0x000000000800bcc8                __malloc_unlock
 .text._free_r  0x000000000800bcd4       0x98 /opt/st/stm32cubeide_1.10.1/plugins/com.st.stm32cube.ide.mcu.externaltools.gnu-tools-for-stm32.10.3-2021.10.linux64_1.0.0.202111181127/tools/bin/../lib/gcc/arm-none-eabi/10.3.1/../../../../arm-none-eabi/lib/thumb/v7e-m+fp/hard/libc_nano.a(lib_a-nano-freer.o)
                0x000000000800bcd4                _free_r
 .text._malloc_usable_size_r
                0x000000000800bd6c       0x10 /opt/st/stm32cubeide_1.10.1/plugins/com.st.stm32cube.ide.mcu.externaltools.gnu-tools-for-stm32.10.3-2021.10.linux64_1.0.0.202111181127/tools/bin/../lib/gcc/arm-none-eabi/10.3.1/../../../../arm-none-eabi/lib/thumb/v7e-m+fp/hard/libc_nano.a(lib_a-nano-msizer.o)
                0x000000000800bd6c                _malloc_usable_size_r
 .text.__retarget_lock_acquire_recursive
                0x000000000800bd7c        0x2 /opt/st/stm32cubeide_1.10.1/plugins/com.st.stm32cube.ide.mcu.externaltools.gnu-tools-for-stm32.10.3-2021.10.linux64_1.0.0.202111181127/tools/bin/../lib/gcc/arm-none-eabi/10.3.1/../../../../arm-none-eabi/lib/thumb/v7e-m+fp/hard/libc_nano.a(lib_a-lock.o)
                0x000000000800bd7c                __retarget_lock_acquire_recursive
 .text.__retarget_lock_release_recursive
                0x000000000800bd7e        0x2 /opt/st/stm32cubeide_1.10.1/plugins/com.st.stm32cube.ide.mcu.externaltools.gnu-tools-for-stm32.10.3-2021.10.linux64_1.0.0.202111181127/tools/bin/../lib/gcc/arm-none-eabi/10.3.1/../../../../arm-none-eabi/lib/thumb/v7e-m+fp/hard/libc_nano.a(lib_a-lock.o)
                0x000000000800bd7e                __retarget_lock_release_recursive
 *(.glue_7)
 .glue_7        0x000000000800bd80        0x0 linker stubs
 *(.glue_7t)
 .glue_7t       0x000000000800bd80        0x0 linker stubs
 *(.eh_frame)
 .eh_frame      0x000000000800bd80        0x0 /opt/st/stm32cubeide_1.10.1/plugins/com.st.stm32cube.ide.mcu.externaltools.gnu-tools-for-stm32.10.3-2021.10.linux64_1.0.0.202111181127/tools/bin/../lib/gcc/arm-none-eabi/10.3.1/thumb/v7e-m+fp/hard/crtbegin.o
 *(.init)
 .init          0x000000000800bd80        0x4 /opt/st/stm32cubeide_1.10.1/plugins/com.st.stm32cube.ide.mcu.externaltools.gnu-tools-for-stm32.10.3-2021.10.linux64_1.0.0.202111181127/tools/bin/../lib/gcc/arm-none-eabi/10.3.1/thumb/v7e-m+fp/hard/crti.o
                0x000000000800bd80                _init
 .init          0x000000000800bd84        0x8 /opt/st/stm32cubeide_1.10.1/plugins/com.st.stm32cube.ide.mcu.externaltools.gnu-tools-for-stm32.10.3-2021.10.linux64_1.0.0.202111181127/tools/bin/../lib/gcc/arm-none-eabi/10.3.1/thumb/v7e-m+fp/hard/crtn.o
 *(.fini)
 .fini          0x000000000800bd8c        0x4 /opt/st/stm32cubeide_1.10.1/plugins/com.st.stm32cube.ide.mcu.externaltools.gnu-tools-for-stm32.10.3-2021.10.linux64_1.0.0.202111181127/tools/bin/../lib/gcc/arm-none-eabi/10.3.1/thumb/v7e-m+fp/hard/crti.o
                0x000000000800bd8c                _fini
 .fini          0x000000000800bd90        0x8 /opt/st/stm32cubeide_1.10.1/plugins/com.st.stm32cube.ide.mcu.externaltools.gnu-tools-for-stm32.10.3-2021.10.linux64_1.0.0.202111181127/tools/bin/../lib/gcc/arm-none-eabi/10.3.1/thumb/v7e-m+fp/hard/crtn.o
                0x000000000800bd98                . = ALIGN (0x4)
                0x000000000800bd98                _etext = .

.vfp11_veneer   0x000000000800bd98        0x0
 .vfp11_veneer  0x000000000800bd98        0x0 linker stubs

.v4_bx          0x000000000800bd98        0x0
 .v4_bx         0x000000000800bd98        0x0 linker stubs

.iplt           0x000000000800bd98        0x0
 .iplt          0x000000000800bd98        0x0 /opt/st/stm32cubeide_1.10.1/plugins/com.st.stm32cube.ide.mcu.externaltools.gnu-tools-for-stm32.10.3-2021.10.linux64_1.0.0.202111181127/tools/bin/../lib/gcc/arm-none-eabi/10.3.1/thumb/v7e-m+fp/hard/crtbegin.o

.rodata         0x000000000800bd98      0xb18
                0x000000000800bd98                . = ALIGN (0x4)
 *(.rodata)
 .rodata        0x000000000800bd98      0x39d ./Core/Src/mainpp.o
 *(.rodata*)
 *fill*         0x000000000800c135        0x3 
 .rodata._ZN14rosserial_msgsL12REQUESTPARAME
                0x000000000800c138       0x1c ./Core/Src/mainpp.o
 .rodata._ZTVN3ros11NodeHandle_I13STM32HardwareLi5ELi5ELi512ELi8192EEE
                0x000000000800c154       0x14 ./Core/Src/mainpp.o
                0x000000000800c154                vtable for ros::NodeHandle_<STM32Hardware, 5, 5, 512, 8192>
 .rodata._ZTVN8nav_msgs8OdometryE
                0x000000000800c168       0x18 ./Core/Src/mainpp.o
                0x000000000800c168                vtable for nav_msgs::Odometry
 .rodata._ZTVN13geometry_msgs19TwistWithCovarianceE
                0x000000000800c180       0x18 ./Core/Src/mainpp.o
                0x000000000800c180                vtable for geometry_msgs::TwistWithCovariance
 .rodata._ZTVN13geometry_msgs5TwistE
                0x000000000800c198       0x18 ./Core/Src/mainpp.o
                0x000000000800c198                vtable for geometry_msgs::Twist
 .rodata._ZTVN13geometry_msgs7Vector3E
                0x000000000800c1b0       0x18 ./Core/Src/mainpp.o
                0x000000000800c1b0                vtable for geometry_msgs::Vector3
 .rodata._ZTVN13geometry_msgs18PoseWithCovarianceE
                0x000000000800c1c8       0x18 ./Core/Src/mainpp.o
                0x000000000800c1c8                vtable for geometry_msgs::PoseWithCovariance
 .rodata._ZTVN13geometry_msgs4PoseE
                0x000000000800c1e0       0x18 ./Core/Src/mainpp.o
                0x000000000800c1e0                vtable for geometry_msgs::Pose
 .rodata._ZTVN13geometry_msgs10QuaternionE
                0x000000000800c1f8       0x18 ./Core/Src/mainpp.o
                0x000000000800c1f8                vtable for geometry_msgs::Quaternion
 .rodata._ZTVN13geometry_msgs5PointE
                0x000000000800c210       0x18 ./Core/Src/mainpp.o
                0x000000000800c210                vtable for geometry_msgs::Point
 .rodata._ZTVN8std_msgs6HeaderE
                0x000000000800c228       0x18 ./Core/Src/mainpp.o
                0x000000000800c228                vtable for std_msgs::Header
 .rodata._ZTVN8std_msgs5Int32E
                0x000000000800c240       0x18 ./Core/Src/mainpp.o
                0x000000000800c240                vtable for std_msgs::Int32
 .rodata._ZTVN3ros15NodeHandleBase_E
                0x000000000800c258       0x14 ./Core/Src/mainpp.o
                0x000000000800c258                vtable for ros::NodeHandleBase_
 .rodata._ZTVN14rosserial_msgs20RequestParamResponseE
                0x000000000800c26c       0x18 ./Core/Src/mainpp.o
                0x000000000800c26c                vtable for rosserial_msgs::RequestParamResponse
 .rodata._ZTVN14rosserial_msgs3LogE
                0x000000000800c284       0x18 ./Core/Src/mainpp.o
                0x000000000800c284                vtable for rosserial_msgs::Log
 .rodata._ZTVN14rosserial_msgs9TopicInfoE
                0x000000000800c29c       0x18 ./Core/Src/mainpp.o
                0x000000000800c29c                vtable for rosserial_msgs::TopicInfo
 .rodata._ZTVN8std_msgs4TimeE
                0x000000000800c2b4       0x18 ./Core/Src/mainpp.o
                0x000000000800c2b4                vtable for std_msgs::Time
 .rodata._ZTVN3ros3MsgE
                0x000000000800c2cc       0x18 ./Core/Src/mainpp.o
                0x000000000800c2cc                vtable for ros::Msg
 .rodata.AHBPrescTable
                0x000000000800c2e4       0x10 ./Core/Src/system_stm32f4xx.o
                0x000000000800c2e4                AHBPrescTable
 .rodata.APBPrescTable
                0x000000000800c2f4        0x8 ./Core/Src/system_stm32f4xx.o
                0x000000000800c2f4                APBPrescTable
 .rodata.flagBitshiftOffset.0
                0x000000000800c2fc        0x8 ./Drivers/STM32F4xx_HAL_Driver/Src/stm32f4xx_hal_dma.o
 .rodata.npio2_hw
                0x000000000800c304       0x80 /opt/st/stm32cubeide_1.10.1/plugins/com.st.stm32cube.ide.mcu.externaltools.gnu-tools-for-stm32.10.3-2021.10.linux64_1.0.0.202111181127/tools/bin/../lib/gcc/arm-none-eabi/10.3.1/../../../../arm-none-eabi/lib/thumb/v7e-m+fp/hard/libm.a(lib_a-e_rem_pio2.o)
 .rodata.two_over_pi
                0x000000000800c384      0x108 /opt/st/stm32cubeide_1.10.1/plugins/com.st.stm32cube.ide.mcu.externaltools.gnu-tools-for-stm32.10.3-2021.10.linux64_1.0.0.202111181127/tools/bin/../lib/gcc/arm-none-eabi/10.3.1/../../../../arm-none-eabi/lib/thumb/v7e-m+fp/hard/libm.a(lib_a-e_rem_pio2.o)
 .rodata.npio2_hw
                0x000000000800c48c       0x80 /opt/st/stm32cubeide_1.10.1/plugins/com.st.stm32cube.ide.mcu.externaltools.gnu-tools-for-stm32.10.3-2021.10.linux64_1.0.0.202111181127/tools/bin/../lib/gcc/arm-none-eabi/10.3.1/../../../../arm-none-eabi/lib/thumb/v7e-m+fp/hard/libm.a(lib_a-ef_rem_pio2.o)
 .rodata.two_over_pi
                0x000000000800c50c      0x318 /opt/st/stm32cubeide_1.10.1/plugins/com.st.stm32cube.ide.mcu.externaltools.gnu-tools-for-stm32.10.3-2021.10.linux64_1.0.0.202111181127/tools/bin/../lib/gcc/arm-none-eabi/10.3.1/../../../../arm-none-eabi/lib/thumb/v7e-m+fp/hard/libm.a(lib_a-ef_rem_pio2.o)
 *fill*         0x000000000800c824        0x4 
 .rodata.PIo2   0x000000000800c828       0x40 /opt/st/stm32cubeide_1.10.1/plugins/com.st.stm32cube.ide.mcu.externaltools.gnu-tools-for-stm32.10.3-2021.10.linux64_1.0.0.202111181127/tools/bin/../lib/gcc/arm-none-eabi/10.3.1/../../../../arm-none-eabi/lib/thumb/v7e-m+fp/hard/libm.a(lib_a-k_rem_pio2.o)
 .rodata.init_jk
                0x000000000800c868       0x10 /opt/st/stm32cubeide_1.10.1/plugins/com.st.stm32cube.ide.mcu.externaltools.gnu-tools-for-stm32.10.3-2021.10.linux64_1.0.0.202111181127/tools/bin/../lib/gcc/arm-none-eabi/10.3.1/../../../../arm-none-eabi/lib/thumb/v7e-m+fp/hard/libm.a(lib_a-k_rem_pio2.o)
 .rodata.PIo2   0x000000000800c878       0x2c /opt/st/stm32cubeide_1.10.1/plugins/com.st.stm32cube.ide.mcu.externaltools.gnu-tools-for-stm32.10.3-2021.10.linux64_1.0.0.202111181127/tools/bin/../lib/gcc/arm-none-eabi/10.3.1/../../../../arm-none-eabi/lib/thumb/v7e-m+fp/hard/libm.a(lib_a-kf_rem_pio2.o)
 .rodata.init_jk
                0x000000000800c8a4        0xc /opt/st/stm32cubeide_1.10.1/plugins/com.st.stm32cube.ide.mcu.externaltools.gnu-tools-for-stm32.10.3-2021.10.linux64_1.0.0.202111181127/tools/bin/../lib/gcc/arm-none-eabi/10.3.1/../../../../arm-none-eabi/lib/thumb/v7e-m+fp/hard/libm.a(lib_a-kf_rem_pio2.o)
                0x000000000800c8b0                . = ALIGN (0x4)

.ARM.extab      0x000000000800c8b0        0x0
                0x000000000800c8b0                . = ALIGN (0x4)
 *(.ARM.extab* .gnu.linkonce.armextab.*)
                0x000000000800c8b0                . = ALIGN (0x4)

.ARM            0x000000000800c8b0        0x8
                0x000000000800c8b0                . = ALIGN (0x4)
                0x000000000800c8b0                __exidx_start = .
 *(.ARM.exidx*)
 .ARM.exidx     0x000000000800c8b0        0x8 /opt/st/stm32cubeide_1.10.1/plugins/com.st.stm32cube.ide.mcu.externaltools.gnu-tools-for-stm32.10.3-2021.10.linux64_1.0.0.202111181127/tools/bin/../lib/gcc/arm-none-eabi/10.3.1/thumb/v7e-m+fp/hard/libgcc.a(_udivmoddi4.o)
                0x000000000800c8b8                __exidx_end = .
                0x000000000800c8b8                . = ALIGN (0x4)

.rel.dyn        0x000000000800c8b8        0x0
 .rel.iplt      0x000000000800c8b8        0x0 /opt/st/stm32cubeide_1.10.1/plugins/com.st.stm32cube.ide.mcu.externaltools.gnu-tools-for-stm32.10.3-2021.10.linux64_1.0.0.202111181127/tools/bin/../lib/gcc/arm-none-eabi/10.3.1/thumb/v7e-m+fp/hard/crtbegin.o

.preinit_array  0x000000000800c8b8        0x0
                0x000000000800c8b8                . = ALIGN (0x4)
                0x000000000800c8b8                PROVIDE (__preinit_array_start = .)
 *(.preinit_array*)
                0x000000000800c8b8                PROVIDE (__preinit_array_end = .)
                0x000000000800c8b8                . = ALIGN (0x4)

.init_array     0x000000000800c8b8        0x8
                0x000000000800c8b8                . = ALIGN (0x4)
                0x000000000800c8b8                PROVIDE (__init_array_start = .)
 *(SORT_BY_NAME(.init_array.*))
 *(.init_array*)
 .init_array    0x000000000800c8b8        0x4 /opt/st/stm32cubeide_1.10.1/plugins/com.st.stm32cube.ide.mcu.externaltools.gnu-tools-for-stm32.10.3-2021.10.linux64_1.0.0.202111181127/tools/bin/../lib/gcc/arm-none-eabi/10.3.1/thumb/v7e-m+fp/hard/crtbegin.o
 .init_array    0x000000000800c8bc        0x4 ./Core/Src/mainpp.o
                0x000000000800c8c0                PROVIDE (__init_array_end = .)
                0x000000000800c8c0                . = ALIGN (0x4)

.fini_array     0x000000000800c8c0        0x4
                0x000000000800c8c0                . = ALIGN (0x4)
                [!provide]                        PROVIDE (__fini_array_start = .)
 *(SORT_BY_NAME(.fini_array.*))
 *(.fini_array*)
 .fini_array    0x000000000800c8c0        0x4 /opt/st/stm32cubeide_1.10.1/plugins/com.st.stm32cube.ide.mcu.externaltools.gnu-tools-for-stm32.10.3-2021.10.linux64_1.0.0.202111181127/tools/bin/../lib/gcc/arm-none-eabi/10.3.1/thumb/v7e-m+fp/hard/crtbegin.o
                [!provide]                        PROVIDE (__fini_array_end = .)
                0x000000000800c8c4                . = ALIGN (0x4)
                0x000000000800c8c4                _sidata = LOADADDR (.data)

.data           0x0000000020000000       0x74 load address 0x000000000800c8c4
                0x0000000020000000                . = ALIGN (0x4)
                0x0000000020000000                _sdata = .
 *(.data)
 *(.data*)
 .data.SystemCoreClock
                0x0000000020000000        0x4 ./Core/Src/system_stm32f4xx.o
                0x0000000020000000                SystemCoreClock
 .data.uwTickPrio
                0x0000000020000004        0x4 ./Drivers/STM32F4xx_HAL_Driver/Src/stm32f4xx_hal.o
                0x0000000020000004                uwTickPrio
 .data.uwTickFreq
                0x0000000020000008        0x1 ./Drivers/STM32F4xx_HAL_Driver/Src/stm32f4xx_hal.o
                0x0000000020000008                uwTickFreq
 *fill*         0x0000000020000009        0x3 
 .data._ZN10__cxxabiv119__terminate_handlerE
                0x000000002000000c        0x4 /opt/st/stm32cubeide_1.10.1/plugins/com.st.stm32cube.ide.mcu.externaltools.gnu-tools-for-stm32.10.3-2021.10.linux64_1.0.0.202111181127/tools/bin/../lib/gcc/arm-none-eabi/10.3.1/../../../../arm-none-eabi/lib/thumb/v7e-m+fp/hard/libstdc++_nano.a(eh_term_handler.o)
                0x000000002000000c                __cxxabiv1::__terminate_handler
 .data._impure_ptr
                0x0000000020000010        0x4 /opt/st/stm32cubeide_1.10.1/plugins/com.st.stm32cube.ide.mcu.externaltools.gnu-tools-for-stm32.10.3-2021.10.linux64_1.0.0.202111181127/tools/bin/../lib/gcc/arm-none-eabi/10.3.1/../../../../arm-none-eabi/lib/thumb/v7e-m+fp/hard/libc_nano.a(lib_a-impure.o)
                0x0000000020000010                _impure_ptr
 .data.impure_data
                0x0000000020000014       0x60 /opt/st/stm32cubeide_1.10.1/plugins/com.st.stm32cube.ide.mcu.externaltools.gnu-tools-for-stm32.10.3-2021.10.linux64_1.0.0.202111181127/tools/bin/../lib/gcc/arm-none-eabi/10.3.1/../../../../arm-none-eabi/lib/thumb/v7e-m+fp/hard/libc_nano.a(lib_a-impure.o)
 *(.RamFunc)
 *(.RamFunc*)
                0x0000000020000074                . = ALIGN (0x4)
                0x0000000020000074                _edata = .
                0x000000000800c938                _siccmram = LOADADDR (.ccmram)

.igot.plt       0x0000000020000074        0x0 load address 0x000000000800c938
 .igot.plt      0x0000000020000074        0x0 /opt/st/stm32cubeide_1.10.1/plugins/com.st.stm32cube.ide.mcu.externaltools.gnu-tools-for-stm32.10.3-2021.10.linux64_1.0.0.202111181127/tools/bin/../lib/gcc/arm-none-eabi/10.3.1/thumb/v7e-m+fp/hard/crtbegin.o

.ccmram         0x0000000010000000        0x0 load address 0x000000000800c938
                0x0000000010000000                . = ALIGN (0x4)
                0x0000000010000000                _sccmram = .
 *(.ccmram)
 *(.ccmram*)
                0x0000000010000000                . = ALIGN (0x4)
                0x0000000010000000                _eccmram = .
                0x0000000010000000                . = ALIGN (0x4)

.bss            0x0000000020000078     0x2e3c
                0x0000000020000078                _sbss = .
                0x0000000020000078                __bss_start__ = _sbss
 *(.bss)
 .bss           0x0000000020000078       0x1c /opt/st/stm32cubeide_1.10.1/plugins/com.st.stm32cube.ide.mcu.externaltools.gnu-tools-for-stm32.10.3-2021.10.linux64_1.0.0.202111181127/tools/bin/../lib/gcc/arm-none-eabi/10.3.1/thumb/v7e-m+fp/hard/crtbegin.o
 *(.bss*)
 .bss.htim2     0x0000000020000094       0x48 ./Core/Src/main.o
                0x0000000020000094                htim2
 .bss.htim5     0x00000000200000dc       0x48 ./Core/Src/main.o
                0x00000000200000dc                htim5
 .bss.huart4    0x0000000020000124       0x44 ./Core/Src/main.o
                0x0000000020000124                huart4
 .bss.hdma_uart4_rx
                0x0000000020000168       0x60 ./Core/Src/main.o
                0x0000000020000168                hdma_uart4_rx
 .bss.hdma_uart4_tx
                0x00000000200001c8       0x60 ./Core/Src/main.o
                0x00000000200001c8                hdma_uart4_tx
 .bss._ZZN13STM32Hardware5flushEvE5mutex
                0x0000000020000228        0x1 ./Core/Src/mainpp.o
                0x0000000020000228                STM32Hardware::flush()::mutex
 *fill*         0x0000000020000229        0x7 
 .bss.odom_msg  0x0000000020000230      0x308 ./Core/Src/mainpp.o
                0x0000000020000230                odom_msg
 .bss.Encoder1  0x0000000020000538       0x10 ./Core/Src/mainpp.o
                0x0000000020000538                Encoder1
 .bss.Encoder2  0x0000000020000548       0x10 ./Core/Src/mainpp.o
                0x0000000020000548                Encoder2
 .bss.theOdom   0x0000000020000558       0x14 ./Core/Src/mainpp.o
                0x0000000020000558                theOdom
 .bss.Enc1_Msg  0x000000002000056c       0x10 ./Core/Src/mainpp.o
                0x000000002000056c                Enc1_Msg
 .bss.Enc2_Msg  0x000000002000057c       0x10 ./Core/Src/mainpp.o
                0x000000002000057c                Enc2_Msg
 .bss.nh        0x000000002000058c     0x289c ./Core/Src/mainpp.o
                0x000000002000058c                nh
 .bss.enkoder1_pub
                0x0000000020002e28       0x14 ./Core/Src/mainpp.o
                0x0000000020002e28                enkoder1_pub
 .bss.enkoder2_pub
                0x0000000020002e3c       0x14 ./Core/Src/mainpp.o
                0x0000000020002e3c                enkoder2_pub
 .bss.enkoder1_vel_pub
                0x0000000020002e50       0x14 ./Core/Src/mainpp.o
                0x0000000020002e50                enkoder1_vel_pub
 .bss.enkoder2_vel_pub
                0x0000000020002e64       0x14 ./Core/Src/mainpp.o
                0x0000000020002e64                enkoder2_vel_pub
 .bss.odom_pub  0x0000000020002e78       0x14 ./Core/Src/mainpp.o
                0x0000000020002e78                odom_pub
 .bss.indx      0x0000000020002e8c        0x4 ./Core/Src/stm32f4xx_it.o
                0x0000000020002e8c                indx
 .bss.indy      0x0000000020002e90        0x4 ./Core/Src/stm32f4xx_it.o
                0x0000000020002e90                indy
 .bss.prev_Enc1_pos
                0x0000000020002e94        0x4 ./Core/Src/stm32f4xx_it.o
                0x0000000020002e94                prev_Enc1_pos
 .bss.prev_Enc2_pos
                0x0000000020002e98        0x4 ./Core/Src/stm32f4xx_it.o
                0x0000000020002e98                prev_Enc2_pos
 .bss.__sbrk_heap_end
                0x0000000020002e9c        0x4 ./Core/Src/sysmem.o
 .bss.uwTick    0x0000000020002ea0        0x4 ./Drivers/STM32F4xx_HAL_Driver/Src/stm32f4xx_hal.o
                0x0000000020002ea0                uwTick
 .bss.__malloc_free_list
                0x0000000020002ea4        0x4 /opt/st/stm32cubeide_1.10.1/plugins/com.st.stm32cube.ide.mcu.externaltools.gnu-tools-for-stm32.10.3-2021.10.linux64_1.0.0.202111181127/tools/bin/../lib/gcc/arm-none-eabi/10.3.1/../../../../arm-none-eabi/lib/thumb/v7e-m+fp/hard/libc_nano.a(lib_a-nano-mallocr.o)
                0x0000000020002ea4                __malloc_free_list
 .bss.__malloc_sbrk_start
                0x0000000020002ea8        0x4 /opt/st/stm32cubeide_1.10.1/plugins/com.st.stm32cube.ide.mcu.externaltools.gnu-tools-for-stm32.10.3-2021.10.linux64_1.0.0.202111181127/tools/bin/../lib/gcc/arm-none-eabi/10.3.1/../../../../arm-none-eabi/lib/thumb/v7e-m+fp/hard/libc_nano.a(lib_a-nano-mallocr.o)
                0x0000000020002ea8                __malloc_sbrk_start
 .bss.errno     0x0000000020002eac        0x4 /opt/st/stm32cubeide_1.10.1/plugins/com.st.stm32cube.ide.mcu.externaltools.gnu-tools-for-stm32.10.3-2021.10.linux64_1.0.0.202111181127/tools/bin/../lib/gcc/arm-none-eabi/10.3.1/../../../../arm-none-eabi/lib/thumb/v7e-m+fp/hard/libc_nano.a(lib_a-reent.o)
                0x0000000020002eac                errno
 .bss.__lock___malloc_recursive_mutex
                0x0000000020002eb0        0x1 /opt/st/stm32cubeide_1.10.1/plugins/com.st.stm32cube.ide.mcu.externaltools.gnu-tools-for-stm32.10.3-2021.10.linux64_1.0.0.202111181127/tools/bin/../lib/gcc/arm-none-eabi/10.3.1/../../../../arm-none-eabi/lib/thumb/v7e-m+fp/hard/libc_nano.a(lib_a-lock.o)
                0x0000000020002eb0                __lock___malloc_recursive_mutex
 *(COMMON)
                0x0000000020002eb4                . = ALIGN (0x4)
 *fill*         0x0000000020002eb1        0x3 
                0x0000000020002eb4                _ebss = .
                0x0000000020002eb4                __bss_end__ = _ebss

._user_heap_stack
                0x0000000020002eb4      0x604
                0x0000000020002eb8                . = ALIGN (0x8)
 *fill*         0x0000000020002eb4        0x4 
                [!provide]                        PROVIDE (end = .)
                0x0000000020002eb8                PROVIDE (_end = .)
                0x00000000200030b8                . = (. + _Min_Heap_Size)
 *fill*         0x0000000020002eb8      0x200 