/opt/st/stm32cubeide_1.10.1/plugins/com.st.stm32cube.ide.mcu.externaltools.gnu-tools-for-stm32.10.3-2021.10.linux64_1.0.0.202111181127/tools/arm-none-eabi/include/c++/10.3.1/cmath:184:3:constexpr float std::cos(float)	16	static
/opt/st/stm32cubeide_1.10.1/plugins/com.st.stm32cube.ide.mcu.externaltools.gnu-tools-for-stm32.10.3-2021.10.linux64_1.0.0.202111181127/tools/arm-none-eabi/include/c++/10.3.1/cmath:425:3:constexpr float std::sin(float)	16	static
../Core/Inc/ros/time.h:51:3:ros::Time::Time()	16	static
../Core/Inc/ros/msg.h:46:7:constexpr ros::Msg::Msg()	16	static
../Core/Inc/std_msgs/Time.h:19:5:std_msgs::Time::Time()	16	static
../Core/Inc/std_msgs/Time.h:24:17:virtual int std_msgs::Time::serialize(unsigned char*) const	24	static
../Core/Inc/std_msgs/Time.h:40:17:virtual int std_msgs::Time::deserialize(unsigned char*)	24	static
../Core/Inc/std_msgs/Time.h:56:26:virtual const char* std_msgs::Time::getType()	16	static
../Core/Inc/std_msgs/Time.h:57:26:virtual const char* std_msgs::Time::getMD5()	16	static
../Core/Inc/rosserial_msgs/TopicInfo.h:34:5:rosserial_msgs::TopicInfo::TopicInfo()	16	static
../Core/Inc/rosserial_msgs/TopicInfo.h:43:17:virtual int rosserial_msgs::TopicInfo::serialize(unsigned char*) const	40	static
../Core/Inc/rosserial_msgs/TopicInfo.h:77:17:virtual int rosserial_msgs::TopicInfo::deserialize(unsigned char*)	48	static
../Core/Inc/rosserial_msgs/TopicInfo.h:124:26:virtual const char* rosserial_msgs::TopicInfo::getType()	16	static
../Core/Inc/rosserial_msgs/TopicInfo.h:125:26:virtual const char* rosserial_msgs::TopicInfo::getMD5()	16	static
../Core/Inc/rosserial_msgs/Log.h:25:5:rosserial_msgs::Log::Log()	16	static
../Core/Inc/rosserial_msgs/Log.h:31:17:virtual int rosserial_msgs::Log::serialize(unsigned char*) const	24	static
../Core/Inc/rosserial_msgs/Log.h:44:17:virtual int rosserial_msgs::Log::deserialize(unsigned char*)	32	static
../Core/Inc/rosserial_msgs/Log.h:61:26:virtual const char* rosserial_msgs::Log::getType()	16	static
../Core/Inc/rosserial_msgs/Log.h:62:26:virtual const char* rosserial_msgs::Log::getMD5()	16	static
../Core/Inc/rosserial_msgs/RequestParam.h:71:5:rosserial_msgs::RequestParamResponse::RequestParamResponse()	16	static
../Core/Inc/rosserial_msgs/RequestParam.h:78:17:virtual int rosserial_msgs::RequestParamResponse::serialize(unsigned char*) const	48	static
../Core/Inc/rosserial_msgs/RequestParam.h:130:17:virtual int rosserial_msgs::RequestParamResponse::deserialize(unsigned char*)	64	static
../Core/Inc/rosserial_msgs/RequestParam.h:200:26:virtual const char* rosserial_msgs::RequestParamResponse::getType()	16	static
../Core/Inc/rosserial_msgs/RequestParam.h:201:26:virtual const char* rosserial_msgs::RequestParamResponse::getMD5()	16	static
../Core/Inc/ros/publisher.h:48:3:ros::Publisher::Publisher(const char*, ros::Msg*, int)	24	static
../Core/Inc/ros/publisher.h:53:7:int ros::Publisher::publish(const ros::Msg*)	16	static
../Core/Inc/ros/publisher.h:57:7:int ros::Publisher::getEndpointType()	16	static
../Core/Inc/STM32Hardware.h:61:21:uint32_t STM32Hardware::getRdmaInd()	16	static
../Core/Inc/STM32Hardware.h:68:5:STM32Hardware::STM32Hardware()	16	static
../Core/Inc/STM32Hardware.h:76:10:void STM32Hardware::init()	16	static
../Core/Inc/STM32Hardware.h:80:10:void STM32Hardware::reset_rbuf()	16	static
../Core/Inc/STM32Hardware.h:84:9:int STM32Hardware::read()	32	static
../Core/Inc/STM32Hardware.h:93:10:void STM32Hardware::flush()	24	static
../Core/Inc/STM32Hardware.h:108:10:void STM32Hardware::write(uint8_t*, int)	32	static
../Core/Inc/STM32Hardware.h:123:19:long unsigned int STM32Hardware::time()	16	static
../Core/Inc/std_msgs/Int32.h:18:5:std_msgs::Int32::Int32()	16	static
../Core/Inc/std_msgs/Int32.h:23:17:virtual int std_msgs::Int32::serialize(unsigned char*) const	24	static
../Core/Inc/std_msgs/Int32.h:39:17:virtual int std_msgs::Int32::deserialize(unsigned char*)	24	static
../Core/Inc/std_msgs/Int32.h:56:26:virtual const char* std_msgs::Int32::getType()	16	static
../Core/Inc/std_msgs/Int32.h:57:26:virtual const char* std_msgs::Int32::getMD5()	16	static
../Core/Inc/std_msgs/Header.h:23:5:std_msgs::Header::Header()	16	static
../Core/Inc/std_msgs/Header.h:30:17:virtual int std_msgs::Header::serialize(unsigned char*) const	24	static
../Core/Inc/std_msgs/Header.h:56:17:virtual int std_msgs::Header::deserialize(unsigned char*)	32	static
../Core/Inc/std_msgs/Header.h:86:26:virtual const char* std_msgs::Header::getType()	16	static
../Core/Inc/std_msgs/Header.h:87:26:virtual const char* std_msgs::Header::getMD5()	16	static
../Core/Inc/geometry_msgs/Point.h:22:5:geometry_msgs::Point::Point()	16	static
../Core/Inc/geometry_msgs/Point.h:29:17:virtual int geometry_msgs::Point::serialize(unsigned char*) const	48	static
../Core/Inc/geometry_msgs/Point.h:77:17:virtual int geometry_msgs::Point::deserialize(unsigned char*)	456	static
../Core/Inc/geometry_msgs/Point.h:128:26:virtual const char* geometry_msgs::Point::getType()	16	static
../Core/Inc/geometry_msgs/Point.h:129:26:virtual const char* geometry_msgs::Point::getMD5()	16	static
../Core/Inc/geometry_msgs/Quaternion.h:24:5:geometry_msgs::Quaternion::Quaternion()	16	static
../Core/Inc/geometry_msgs/Quaternion.h:32:17:virtual int geometry_msgs::Quaternion::serialize(unsigned char*) const	56	static
../Core/Inc/geometry_msgs/Quaternion.h:94:17:virtual int geometry_msgs::Quaternion::deserialize(unsigned char*)	600	static
../Core/Inc/geometry_msgs/Quaternion.h:160:26:virtual const char* geometry_msgs::Quaternion::getType()	16	static
../Core/Inc/geometry_msgs/Quaternion.h:161:26:virtual const char* geometry_msgs::Quaternion::getMD5()	16	static
../Core/Inc/geometry_msgs/Pose.h:22:5:geometry_msgs::Pose::Pose()	16	static
../Core/Inc/geometry_msgs/Pose.h:28:17:virtual int geometry_msgs::Pose::serialize(unsigned char*) const	24	static
../Core/Inc/geometry_msgs/Pose.h:36:17:virtual int geometry_msgs::Pose::deserialize(unsigned char*)	24	static
../Core/Inc/geometry_msgs/Pose.h:44:26:virtual const char* geometry_msgs::Pose::getType()	16	static
../Core/Inc/geometry_msgs/Pose.h:45:26:virtual const char* geometry_msgs::Pose::getMD5()	16	static
../Core/Inc/geometry_msgs/PoseWithCovariance.h:20:5:geometry_msgs::PoseWithCovariance::PoseWithCovariance()	16	static
../Core/Inc/geometry_msgs/PoseWithCovariance.h:26:17:virtual int geometry_msgs::PoseWithCovariance::serialize(unsigned char*) const	32	static
../Core/Inc/geometry_msgs/PoseWithCovariance.h:49:17:virtual int geometry_msgs::PoseWithCovariance::deserialize(unsigned char*)	176	static
../Core/Inc/geometry_msgs/PoseWithCovariance.h:73:26:virtual const char* geometry_msgs::PoseWithCovariance::getType()	16	static
../Core/Inc/geometry_msgs/PoseWithCovariance.h:74:26:virtual const char* geometry_msgs::PoseWithCovariance::getMD5()	16	static
../Core/Inc/geometry_msgs/Vector3.h:22:5:geometry_msgs::Vector3::Vector3()	16	static
../Core/Inc/geometry_msgs/Vector3.h:29:17:virtual int geometry_msgs::Vector3::serialize(unsigned char*) const	48	static
../Core/Inc/geometry_msgs/Vector3.h:77:17:virtual int geometry_msgs::Vector3::deserialize(unsigned char*)	456	static
../Core/Inc/geometry_msgs/Vector3.h:128:26:virtual const char* geometry_msgs::Vector3::getType()	16	static
../Core/Inc/geometry_msgs/Vector3.h:129:26:virtual const char* geometry_msgs::Vector3::getMD5()	16	static
../Core/Inc/geometry_msgs/Twist.h:21:5:geometry_msgs::Twist::Twist()	16	static
../Core/Inc/geometry_msgs/Twist.h:27:17:virtual int geometry_msgs::Twist::serialize(unsigned char*) const	24	static
../Core/Inc/geometry_msgs/Twist.h:35:17:virtual int geometry_msgs::Twist::deserialize(unsigned char*)	24	static
../Core/Inc/geometry_msgs/Twist.h:43:26:virtual const char* geometry_msgs::Twist::getType()	16	static
../Core/Inc/geometry_msgs/Twist.h:44:26:virtual const char* geometry_msgs::Twist::getMD5()	16	static
../Core/Inc/geometry_msgs/TwistWithCovariance.h:20:5:geometry_msgs::TwistWithCovariance::TwistWithCovariance()	16	static
../Core/Inc/geometry_msgs/TwistWithCovariance.h:26:17:virtual int geometry_msgs::TwistWithCovariance::serialize(unsigned char*) const	32	static
../Core/Inc/geometry_msgs/TwistWithCovariance.h:49:17:virtual int geometry_msgs::TwistWithCovariance::deserialize(unsigned char*)	176	static
../Core/Inc/geometry_msgs/TwistWithCovariance.h:73:26:virtual const char* geometry_msgs::TwistWithCovariance::getType()	16	static
../Core/Inc/geometry_msgs/TwistWithCovariance.h:74:26:virtual const char* geometry_msgs::TwistWithCovariance::getMD5()	16	static
../Core/Inc/nav_msgs/Odometry.h:27:5:nav_msgs::Odometry::Odometry()	16	static
../Core/Inc/nav_msgs/Odometry.h:35:17:virtual int nav_msgs::Odometry::serialize(unsigned char*) const	24	static
../Core/Inc/nav_msgs/Odometry.h:49:17:virtual int nav_msgs::Odometry::deserialize(unsigned char*)	32	static
../Core/Inc/nav_msgs/Odometry.h:67:26:virtual const char* nav_msgs::Odometry::getType()	16	static
../Core/Inc/nav_msgs/Odometry.h:68:26:virtual const char* nav_msgs::Odometry::getMD5()	16	static
../Core/Src/mainpp.cpp:26:8:Message::Message()	16	static
../Core/Inc/ros/node_handle.h:50:7:constexpr ros::NodeHandleBase_::NodeHandleBase_()	16	static
../Core/Inc/ros/node_handle.h:104:7:constexpr ros::NodeHandle_<STM32Hardware>::NodeHandle_()	16	static
../Core/Src/mainpp.cpp:47:6:void Speed_Publish(Encoder*)	16	static
../Core/Src/mainpp.cpp:58:6:void Position_Publish(Encoder*)	16	static
../Core/Src/mainpp.cpp:68:6:void Odom_Publish(Odom*)	16	static
../Core/Src/mainpp.cpp:85:6:void HAL_UART_TxCpltCallback(UART_HandleTypeDef*)	16	static
../Core/Src/mainpp.cpp:89:6:void HAL_UART_RxCpltCallback(UART_HandleTypeDef*)	16	static
../Core/Src/mainpp.cpp:93:6:void setup()	8	static
../Core/Src/mainpp.cpp:105:6:void loop()	8	static
../Core/Inc/ros/msg.h:188:15:static void ros::Msg::varToArr(A, V) [with A = unsigned char*; V = long unsigned int]	24	static
../Core/Inc/ros/msg.h:196:15:static void ros::Msg::arrToVar(V&, A) [with V = long unsigned int; A = unsigned char*]	24	static
../Core/Inc/ros/node_handle.h:128:13:Hardware* ros::NodeHandle_<Hardware, MAX_SUBSCRIBERS, MAX_PUBLISHERS, INPUT_SIZE, OUTPUT_SIZE>::getHardware() [with Hardware = STM32Hardware; int MAX_SUBSCRIBERS = 5; int MAX_PUBLISHERS = 5; int INPUT_SIZE = 512; int OUTPUT_SIZE = 8192]	16	static
../Core/Inc/ros/node_handle.h:134:8:void ros::NodeHandle_<Hardware, MAX_SUBSCRIBERS, MAX_PUBLISHERS, INPUT_SIZE, OUTPUT_SIZE>::initNode() [with Hardware = STM32Hardware; int MAX_SUBSCRIBERS = 5; int MAX_PUBLISHERS = 5; int INPUT_SIZE = 512; int OUTPUT_SIZE = 8192]	16	static
../Core/Inc/ros/node_handle.h:390:8:bool ros::NodeHandle_<Hardware, MAX_SUBSCRIBERS, MAX_PUBLISHERS, INPUT_SIZE, OUTPUT_SIZE>::advertise(ros::Publisher&) [with Hardware = STM32Hardware; int MAX_SUBSCRIBERS = 5; int MAX_PUBLISHERS = 5; int INPUT_SIZE = 512; int OUTPUT_SIZE = 8192]	24	static
../Core/Inc/ros/node_handle.h:187:15:int ros::NodeHandle_<Hardware, MAX_SUBSCRIBERS, MAX_PUBLISHERS, INPUT_SIZE, OUTPUT_SIZE>::spinOnce() [with Hardware = STM32Hardware; int MAX_SUBSCRIBERS = 5; int MAX_PUBLISHERS = 5; int INPUT_SIZE = 512; int OUTPUT_SIZE = 8192]	24	static
../Core/Inc/ros/node_handle.h:347:8:void ros::NodeHandle_<Hardware, MAX_SUBSCRIBERS, MAX_PUBLISHERS, INPUT_SIZE, OUTPUT_SIZE>::requestSyncTime() [with Hardware = STM32Hardware; int MAX_SUBSCRIBERS = 5; int MAX_PUBLISHERS = 5; int INPUT_SIZE = 512; int OUTPUT_SIZE = 8192]	32	static
../Core/Inc/ros/node_handle.h:438:8:void ros::NodeHandle_<Hardware, MAX_SUBSCRIBERS, MAX_PUBLISHERS, INPUT_SIZE, OUTPUT_SIZE>::negotiateTopics() [with Hardware = STM32Hardware; int MAX_SUBSCRIBERS = 5; int MAX_PUBLISHERS = 5; int INPUT_SIZE = 512; int OUTPUT_SIZE = 8192]	56	static
../Core/Inc/ros/node_handle.h:354:8:void ros::NodeHandle_<Hardware, MAX_SUBSCRIBERS, MAX_PUBLISHERS, INPUT_SIZE, OUTPUT_SIZE>::syncTime(uint8_t*) [with Hardware = STM32Hardware; int MAX_SUBSCRIBERS = 5; int MAX_PUBLISHERS = 5; int INPUT_SIZE = 512; int OUTPUT_SIZE = 8192]	32	static
../Core/Inc/ros/node_handle.h:469:15:int ros::NodeHandle_<Hardware, MAX_SUBSCRIBERS, MAX_PUBLISHERS, INPUT_SIZE, OUTPUT_SIZE>::publish(int, const ros::Msg*) [with Hardware = STM32Hardware; int MAX_SUBSCRIBERS = 5; int MAX_PUBLISHERS = 5; int INPUT_SIZE = 512; int OUTPUT_SIZE = 8192]	40	static
../Core/Inc/ros/node_handle.h:377:8:void ros::NodeHandle_<Hardware, MAX_SUBSCRIBERS, MAX_PUBLISHERS, INPUT_SIZE, OUTPUT_SIZE>::setNow(const ros::Time&) [with Hardware = STM32Hardware; int MAX_SUBSCRIBERS = 5; int MAX_PUBLISHERS = 5; int INPUT_SIZE = 512; int OUTPUT_SIZE = 8192]	24	static
../Core/Inc/ros/node_handle.h:531:8:void ros::NodeHandle_<Hardware, MAX_SUBSCRIBERS, MAX_PUBLISHERS, INPUT_SIZE, OUTPUT_SIZE>::logerror(const char*) [with Hardware = STM32Hardware; int MAX_SUBSCRIBERS = 5; int MAX_PUBLISHERS = 5; int INPUT_SIZE = 512; int OUTPUT_SIZE = 8192]	16	static
../Core/Inc/ros/node_handle.h:510:8:void ros::NodeHandle_<Hardware, MAX_SUBSCRIBERS, MAX_PUBLISHERS, INPUT_SIZE, OUTPUT_SIZE>::log(char, const char*) [with Hardware = STM32Hardware; int MAX_SUBSCRIBERS = 5; int MAX_PUBLISHERS = 5; int INPUT_SIZE = 512; int OUTPUT_SIZE = 8192]	40	static
../Core/Src/mainpp.cpp:113:1:void __static_initialization_and_destruction_0(int, int)	16	static
../Core/Inc/ros/node_handle.h:338:16:bool ros::NodeHandle_<Hardware, MAX_SUBSCRIBERS, MAX_PUBLISHERS, INPUT_SIZE, OUTPUT_SIZE>::connected() [with Hardware = STM32Hardware; int MAX_SUBSCRIBERS = 5; int MAX_PUBLISHERS = 5; int INPUT_SIZE = 512; int OUTPUT_SIZE = 8192]	16	static
../Core/Src/mainpp.cpp:113:1:cpp)	8	static
